Component: ARM Compiler 5.06 update 5 (build 528) Tool: armlink [4d35e2]

==============================================================================

Section Cross References

    main.o(i.Clock_Init) refers to stm32f10x_rcc.o(i.RCC_HSEConfig) for RCC_HSEConfig
    main.o(i.Clock_Init) refers to stm32f10x_rcc.o(i.RCC_PLLConfig) for RCC_PLLConfig
    main.o(i.Clock_Init) refers to stm32f10x_rcc.o(i.RCC_SYSCLKConfig) for RCC_SYSCLKConfig
    main.o(i.Clock_Init) refers to stm32f10x_rcc.o(i.RCC_PCLK1Config) for RCC_PCLK1Config
    main.o(i.USART2_IRQHandler) refers to stm32f10x_usart.o(i.USART_GetITStatus) for USART_GetITStatus
    main.o(i.USART2_IRQHandler) refers to stm32f10x_usart.o(i.USART_ReceiveData) for USART_ReceiveData
    main.o(i.USART2_IRQHandler) refers to pwm.o(i.PWM_pwrcrtl) for PWM_pwrcrtl
    main.o(i.USART2_IRQHandler) refers to pwm.o(i.PWM_dircrtl) for PWM_dircrtl
    main.o(i.USART2_IRQHandler) refers to pwm.o(i.PWM_update) for PWM_update
    main.o(i.USART2_IRQHandler) refers to main.o(.data) for data
    main.o(i.main) refers to main.o(i.Clock_Init) for Clock_Init
    main.o(i.main) refers to delay.o(i.DelayInit) for DelayInit
    main.o(i.main) refers to usart2.o(i.USART2_Init) for USART2_Init
    main.o(i.main) refers to pwm.o(i.PWM_Init) for PWM_Init
    main.o(i.main) refers to pwm.o(i.PWM_Cali) for PWM_Cali
    main.o(i.main) refers to mpu6050.o(i.I2C_Configuration) for I2C_Configuration
    main.o(i.main) refers to mpu6050.o(i.MPU6050_init) for MPU6050_init
    main.o(i.main) refers to delay.o(i.millis) for millis
    main.o(i.main) refers to mpu6050.o(i.MPU6050_get_gyro_acc) for MPU6050_get_gyro_acc
    main.o(i.main) refers to mpu6050.o(i.MPU6050_get_angle) for MPU6050_get_angle
    main.o(i.main) refers to pwm.o(i.PWM_update) for PWM_update
    main.o(i.main) refers to main.o(.data) for t
    main.o(i.main) refers to main.o(.bss) for Racc
    pwm.o(i.PWM_Cali) refers to stm32f10x_tim.o(i.TIM_SetCompare1) for TIM_SetCompare1
    pwm.o(i.PWM_Cali) refers to stm32f10x_tim.o(i.TIM_SetCompare2) for TIM_SetCompare2
    pwm.o(i.PWM_Cali) refers to stm32f10x_tim.o(i.TIM_SetCompare3) for TIM_SetCompare3
    pwm.o(i.PWM_Cali) refers to stm32f10x_tim.o(i.TIM_SetCompare4) for TIM_SetCompare4
    pwm.o(i.PWM_Cali) refers to delay.o(i.delay_ms) for delay_ms
    pwm.o(i.PWM_Init) refers to stm32f10x_rcc.o(i.RCC_APB1PeriphClockCmd) for RCC_APB1PeriphClockCmd
    pwm.o(i.PWM_Init) refers to stm32f10x_tim.o(i.TIM_TimeBaseInit) for TIM_TimeBaseInit
    pwm.o(i.PWM_Init) refers to stm32f10x_tim.o(i.TIM_Cmd) for TIM_Cmd
    pwm.o(i.PWM_Init) refers to stm32f10x_tim.o(i.TIM_OC1Init) for TIM_OC1Init
    pwm.o(i.PWM_Init) refers to stm32f10x_tim.o(i.TIM_OC2Init) for TIM_OC2Init
    pwm.o(i.PWM_Init) refers to stm32f10x_tim.o(i.TIM_OC3Init) for TIM_OC3Init
    pwm.o(i.PWM_Init) refers to stm32f10x_tim.o(i.TIM_OC4Init) for TIM_OC4Init
    pwm.o(i.PWM_Init) refers to stm32f10x_tim.o(i.TIM_OC1PreloadConfig) for TIM_OC1PreloadConfig
    pwm.o(i.PWM_Init) refers to stm32f10x_rcc.o(i.RCC_APB2PeriphClockCmd) for RCC_APB2PeriphClockCmd
    pwm.o(i.PWM_Init) refers to stm32f10x_gpio.o(i.GPIO_Init) for GPIO_Init
    pwm.o(i.PWM_dircrtl) refers to pwm.o(.data) for state
    pwm.o(i.PWM_pwrcrtl) refers to frleqf.o(x$fpl$frleqf) for __aeabi_cfrcmple
    pwm.o(i.PWM_pwrcrtl) refers to faddsub_clz.o(x$fpl$fsub) for __aeabi_fsub
    pwm.o(i.PWM_pwrcrtl) refers to fleqf.o(x$fpl$fleqf) for __aeabi_cfcmple
    pwm.o(i.PWM_pwrcrtl) refers to faddsub_clz.o(x$fpl$fadd) for __aeabi_fadd
    pwm.o(i.PWM_pwrcrtl) refers to pwm.o(.data) for state
    pwm.o(i.PWM_update) refers to fflt_clz.o(x$fpl$ffltu) for __aeabi_ui2f
    pwm.o(i.PWM_update) refers to faddsub_clz.o(x$fpl$fadd) for __aeabi_fadd
    pwm.o(i.PWM_update) refers to ffixu.o(x$fpl$ffixu) for __aeabi_f2uiz
    pwm.o(i.PWM_update) refers to stm32f10x_tim.o(i.TIM_SetCompare1) for TIM_SetCompare1
    pwm.o(i.PWM_update) refers to stm32f10x_tim.o(i.TIM_SetCompare2) for TIM_SetCompare2
    pwm.o(i.PWM_update) refers to stm32f10x_tim.o(i.TIM_SetCompare3) for TIM_SetCompare3
    pwm.o(i.PWM_update) refers to stm32f10x_tim.o(i.TIM_SetCompare4) for TIM_SetCompare4
    pwm.o(i.PWM_update) refers to pwm.o(.data) for man_a
    delay.o(i.DelayInit) refers to system_stm32f10x.o(i.SystemCoreClockUpdate) for SystemCoreClockUpdate
    delay.o(i.DelayInit) refers to system_stm32f10x.o(.data) for SystemCoreClock
    delay.o(i.SysTick_Handler) refers to delay.o(.data) for usTicks
    delay.o(i.delay_ms) refers to delay.o(.data) for usTicks
    delay.o(i.millis) refers to delay.o(.data) for usTicks
    delay.o(i.reset_time) refers to delay.o(.data) for usTicks
    usart2.o(i.USART2_Get_Int) refers to stm32f10x_usart.o(i.USART_GetFlagStatus) for USART_GetFlagStatus
    usart2.o(i.USART2_Init) refers to stm32f10x_rcc.o(i.RCC_APB1PeriphClockCmd) for RCC_APB1PeriphClockCmd
[...]
    Removing stm32f10x_tim.o(i.TIM_ForcedOC4Config), (26 bytes).
    Removing stm32f10x_tim.o(i.TIM_GenerateEvent), (4 bytes).
    Removing stm32f10x_tim.o(i.TIM_GetCapture1), (6 bytes).
    Removing stm32f10x_tim.o(i.TIM_GetCapture2), (6 bytes).
    Removing stm32f10x_tim.o(i.TIM_GetCapture3), (6 bytes).
    Removing stm32f10x_tim.o(i.TIM_GetCapture4), (8 bytes).
    Removing stm32f10x_tim.o(i.TIM_GetCounter), (6 bytes).
    Removing stm32f10x_tim.o(i.TIM_GetFlagStatus), (18 bytes).
    Removing stm32f10x_tim.o(i.TIM_GetITStatus), (34 bytes).
    Removing stm32f10x_tim.o(i.TIM_GetPrescaler), (6 bytes).
    Removing stm32f10x_tim.o(i.TIM_ICInit), (172 bytes).
    Removing stm32f10x_tim.o(i.TIM_ICStructInit), (18 bytes).
    Removing stm32f10x_tim.o(i.TIM_ITConfig), (18 bytes).
    Removing stm32f10x_tim.o(i.TIM_ITRxExternalClockConfig), (24 bytes).
    Removing stm32f10x_tim.o(i.TIM_InternalClockConfig), (12 bytes).
    Removing stm32f10x_tim.o(i.TIM_OC1FastConfig), (18 bytes).
    Removing stm32f10x_tim.o(i.TIM_OC1NPolarityConfig), (18 bytes).
    Removing stm32f10x_tim.o(i.TIM_OC1PolarityConfig), (18 bytes).
    Removing stm32f10x_tim.o(i.TIM_OC2FastConfig), (26 bytes).
    Removing stm32f10x_tim.o(i.TIM_OC2NPolarityConfig), (26 bytes).
    Removing stm32f10x_tim.o(i.TIM_OC2PolarityConfig), (26 bytes).
    Removing stm32f10x_tim.o(i.TIM_OC2PreloadConfig), (26 bytes).
    Removing stm32f10x_tim.o(i.TIM_OC3FastConfig), (18 bytes).
    Removing stm32f10x_tim.o(i.TIM_OC3NPolarityConfig), (26 bytes).
    Removing stm32f10x_tim.o(i.TIM_OC3PolarityConfig), (26 bytes).
    Removing stm32f10x_tim.o(i.TIM_OC3PreloadConfig), (18 bytes).
    Removing stm32f10x_tim.o(i.TIM_OC4FastConfig), (26 bytes).
    Removing stm32f10x_tim.o(i.TIM_OC4PolarityConfig), (26 bytes).
    Removing stm32f10x_tim.o(i.TIM_OC4PreloadConfig), (26 bytes).
    Removing stm32f10x_tim.o(i.TIM_OCStructInit), (20 bytes).
    Removing stm32f10x_tim.o(i.TIM_PWMIConfig), (124 bytes).
    Removing stm32f10x_tim.o(i.TIM_PrescalerConfig), (6 bytes).
    Removing stm32f10x_tim.o(i.TIM_SelectCCDMA), (24 bytes).
    Removing stm32f10x_tim.o(i.TIM_SelectCOM), (24 bytes).
    Removing stm32f10x_tim.o(i.TIM_SelectHallSensor), (24 bytes).
    Removing stm32f10x_tim.o(i.TIM_SelectInputTrigger), (18 bytes).
    Removing stm32f10x_tim.o(i.TIM_SelectMasterSlaveMode), (18 bytes).
    Removing stm32f10x_tim.o(i.TIM_SelectOCxM), (82 bytes).
    Removing stm32f10x_tim.o(i.TIM_SelectOnePulseMode), (18 bytes).
    Removing stm32f10x_tim.o(i.TIM_SelectOutputTrigger), (18 bytes).
    Removing stm32f10x_tim.o(i.TIM_SelectSlaveMode), (18 bytes).
    Removing stm32f10x_tim.o(i.TIM_SetAutoreload), (4 bytes).
    Removing stm32f10x_tim.o(i.TIM_SetClockDivision), (18 bytes).
    Removing stm32f10x_tim.o(i.TIM_SetCounter), (4 bytes).
    Removing stm32f10x_tim.o(i.TIM_SetIC1Prescaler), (18 bytes).
    Removing stm32f10x_tim.o(i.TIM_SetIC2Prescaler), (26 bytes).
    Removing stm32f10x_tim.o(i.TIM_SetIC3Prescaler), (18 bytes).
    Removing stm32f10x_tim.o(i.TIM_SetIC4Prescaler), (26 bytes).
    Removing stm32f10x_tim.o(i.TIM_TIxExternalClockConfig), (62 bytes).
    Removing stm32f10x_tim.o(i.TIM_TimeBaseStructInit), (18 bytes).
    Removing stm32f10x_tim.o(i.TIM_UpdateDisableConfig), (24 bytes).
    Removing stm32f10x_tim.o(i.TIM_UpdateRequestConfig), (24 bytes).
    Removing stm32f10x_usart.o(.rev16_text), (4 bytes).
    Removing stm32f10x_usart.o(.revsh_text), (4 bytes).
    Removing stm32f10x_usart.o(.rrx_text), (6 bytes).
    Removing stm32f10x_usart.o(i.USART_ClearFlag), (18 bytes).
    Removing stm32f10x_usart.o(i.USART_ClearITPendingBit), (30 bytes).
    Removing stm32f10x_usart.o(i.USART_ClockInit), (34 bytes).
    Removing stm32f10x_usart.o(i.USART_ClockStructInit), (12 bytes).
    Removing stm32f10x_usart.o(i.USART_DMACmd), (18 bytes).
    Removing stm32f10x_usart.o(i.USART_DeInit), (156 bytes).
    Removing stm32f10x_usart.o(i.USART_GetFlagStatus), (26 bytes).
    Removing stm32f10x_usart.o(i.USART_HalfDuplexCmd), (24 bytes).
    Removing stm32f10x_usart.o(i.USART_IrDACmd), (24 bytes).
    Removing stm32f10x_usart.o(i.USART_IrDAConfig), (18 bytes).
    Removing stm32f10x_usart.o(i.USART_LINBreakDetectLengthConfig), (18 bytes).
    Removing stm32f10x_usart.o(i.USART_LINCmd), (24 bytes).
    Removing stm32f10x_usart.o(i.USART_OneBitMethodCmd), (24 bytes).
    Removing stm32f10x_usart.o(i.USART_OverSampling8Cmd), (22 bytes).
    Removing stm32f10x_usart.o(i.USART_ReceiverWakeUpCmd), (24 bytes).
    Removing stm32f10x_usart.o(i.USART_SendBreak), (10 bytes).
    Removing stm32f10x_usart.o(i.USART_SendData), (8 bytes).
    Removing stm32f10x_usart.o(i.USART_SetAddress), (18 bytes).
    Removing stm32f10x_usart.o(i.USART_SetGuardTime), (16 bytes).
    Removing stm32f10x_usart.o(i.USART_SetPrescaler), (16 bytes).
    Removing stm32f10x_usart.o(i.USART_SmartCardCmd), (24 bytes).
    Removing stm32f10x_usart.o(i.USART_SmartCardNACKCmd), (24 bytes).
    Removing stm32f10x_usart.o(i.USART_StructInit), (24 bytes).
    Removing stm32f10x_usart.o(i.USART_WakeUpConfig), (18 bytes).
    Removing system_stm32f10x.o(.rev16_text), (4 bytes).
    Removing system_stm32f10x.o(.revsh_text), (4 bytes).
    Removing system_stm32f10x.o(.rrx_text), (6 bytes).

232 unused section(s) (total 12904 bytes) removed from the image.

==============================================================================

Image Symbol Table

    Local Symbols

    Symbol Name                              Value     Ov Type        Size  Object(Section)

    ../clib/angel/boardlib.s                 0x00000000   Number         0  boardinit1.o ABSOLUTE
    ../clib/angel/boardlib.s                 0x00000000   Number         0  boardinit2.o ABSOLUTE
    ../clib/angel/boardlib.s                 0x00000000   Number         0  boardinit3.o ABSOLUTE
    ../clib/angel/boardlib.s                 0x00000000   Number         0  boardshut.o ABSOLUTE
    ../clib/angel/handlers.s                 0x00000000   Number         0  __scatter_copy.o ABSOLUTE
    ../clib/angel/handlers.s                 0x00000000   Number         0  __scatter_zi.o ABSOLUTE
    ../clib/angel/kernel.s                   0x00000000   Number         0  __rtentry4.o ABSOLUTE
    ../clib/angel/kernel.s                   0x00000000   Number         0  rtexit2.o ABSOLUTE
    ../clib/angel/kernel.s                   0x00000000   Number         0  __rtentry.o ABSOLUTE
    ../clib/angel/kernel.s                   0x00000000   Number         0  rtexit.o ABSOLUTE
    ../clib/angel/kernel.s                   0x00000000   Number         0  __rtentry2.o ABSOLUTE
    ../clib/angel/rt.s                       0x00000000   Number         0  rt_errno_addr_intlibspace.o ABSOLUTE
    ../clib/angel/rt.s                       0x00000000   Number         0  rt_errno_addr.o ABSOLUTE
    ../clib/angel/rt.s                       0x00000000   Number         0  rt_raise.o ABSOLUTE
    ../clib/angel/scatter.s                  0x00000000   Number         0  __scatter.o ABSOLUTE
    ../clib/angel/startup.s                  0x00000000   Number         0  __main.o ABSOLUTE
    ../clib/angel/sys.s                      0x00000000   Number         0  libspace.o ABSOLUTE
    ../clib/angel/sys.s                      0x00000000   Number         0  sys_stackheap_outer.o ABSOLUTE
    ../clib/angel/sys.s                      0x00000000   Number         0  indicate_semi.o ABSOLUTE
    ../clib/angel/sys.s                      0x00000000   Number         0  use_no_semi.o ABSOLUTE
    ../clib/angel/sysapp.c                   0x00000000   Number         0  sys_wrch.o ABSOLUTE
    ../clib/angel/sysapp.c                   0x00000000   Number         0  sys_exit.o ABSOLUTE
    ../clib/angel/sysapp.c                   0x00000000   Number         0  sys_command.o ABSOLUTE
    ../clib/armsys.c                         0x00000000   Number         0  no_argv.o ABSOLUTE
    ../clib/armsys.c                         0x00000000   Number         0  argv_veneer.o ABSOLUTE
    ../clib/armsys.c                         0x00000000   Number         0  argv_veneer.o ABSOLUTE
    ../clib/armsys.c                         0x00000000   Number         0  _get_argv_nomalloc.o ABSOLUTE
    ../clib/fenv.c                           0x00000000   Number         0  _rserrno.o ABSOLUTE
    ../clib/heapalloc.c                      0x00000000   Number         0  hrguard.o ABSOLUTE
    ../clib/heapaux.c                        0x00000000   Number         0  heapauxi.o ABSOLUTE
    ../clib/libinit.s                        0x00000000   Number         0  libinit.o ABSOLUTE
    ../clib/libinit.s                        0x00000000   Number         0  libshutdown2.o ABSOLUTE
    ../clib/libinit.s                        0x00000000   Number         0  libinit2.o ABSOLUTE
    ../clib/libinit.s                        0x00000000   Number         0  libshutdown.o ABSOLUTE
    ../clib/signal.c                         0x00000000   Number         0  defsig_rtmem_inner.o ABSOLUTE
    ../clib/signal.c                         0x00000000   Number         0  __raise.o ABSOLUTE
    ../clib/signal.c                         0x00000000   Number         0  defsig_exit.o ABSOLUTE
    ../clib/signal.c                         0x00000000   Number         0  defsig_general.o ABSOLUTE
    ../clib/signal.c                         0x00000000   Number         0  defsig_abrt_inner.o ABSOLUTE
    ../clib/signal.c                         0x00000000   Number         0  defsig_cppl_inner.o ABSOLUTE
    ../clib/signal.c                         0x00000000   Number         0  defsig_other.o ABSOLUTE
    ../clib/signal.c                         0x00000000   Number         0  defsig_segv_inner.o ABSOLUTE
    ../clib/signal.c                         0x00000000   Number         0  defsig_pvfn_inner.o ABSOLUTE
    ../clib/signal.c                         0x00000000   Number         0  defsig_stak_inner.o ABSOLUTE
    ../clib/signal.c                         0x00000000   Number         0  defsig_rtred_inner.o ABSOLUTE
    ../clib/signal.c                         0x00000000   Number         0  defsig_fpe_inner.o ABSOLUTE
    ../clib/signal.c                         0x00000000   Number         0  defsig_rtmem_outer.o ABSOLUTE
    ../clib/signal.c                         0x00000000   Number         0  defsig_rtmem_formal.o ABSOLUTE
    ../clib/signal.s                         0x00000000   Number         0  defsig.o ABSOLUTE
    ../clib/stdlib.c                         0x00000000   Number         0  exit.o ABSOLUTE
    ../fplib/d2f.s                           0x00000000   Number         0  d2f.o ABSOLUTE
    ../fplib/daddsub.s                       0x00000000   Number         0  daddsub_clz.o ABSOLUTE
    ../fplib/dcheck1.s                       0x00000000   Number         0  dcheck1.o ABSOLUTE
    ../fplib/dcmpi.s                         0x00000000   Number         0  dcmpi.o ABSOLUTE
    ../fplib/ddiv.s                          0x00000000   Number         0  ddiv.o ABSOLUTE
    ../fplib/dfix.s                          0x00000000   Number         0  dfix.o ABSOLUTE
    ../fplib/dflt.s                          0x00000000   Number         0  dflt_clz.o ABSOLUTE
    ../fplib/dleqf.s                         0x00000000   Number         0  dleqf.o ABSOLUTE
    ../fplib/dmul.s                          0x00000000   Number         0  dmul.o ABSOLUTE
    ../fplib/dnaninf.s                       0x00000000   Number         0  dnaninf.o ABSOLUTE
    ../fplib/dretinf.s                       0x00000000   Number         0  dretinf.o ABSOLUTE
    ../fplib/dsqrt.s                         0x00000000   Number         0  dsqrt_noumaal.o ABSOLUTE
    ../fplib/f2d.s                           0x00000000   Number         0  f2d.o ABSOLUTE
    ../fplib/faddsub.s                       0x00000000   Number         0  faddsub_clz.o ABSOLUTE
    ../fplib/fcmpi.s                         0x00000000   Number         0  fcmpi.o ABSOLUTE
    ../fplib/fdiv.s                          0x00000000   Number         0  fdiv.o ABSOLUTE
    ../fplib/feqf.s                          0x00000000   Number         0  feqf.o ABSOLUTE
    ../fplib/ffixu.s                         0x00000000   Number         0  ffixu.o ABSOLUTE
    ../fplib/fflt.s                          0x00000000   Number         0  fflt_clz.o ABSOLUTE
    ../fplib/fleqf.s                         0x00000000   Number         0  fleqf.o ABSOLUTE
    ../fplib/fmul.s                          0x00000000   Number         0  fmul.o ABSOLUTE
    ../fplib/fnaninf.s                       0x00000000   Number         0  fnaninf.o ABSOLUTE
    ../fplib/fpinit.s                        0x00000000   Number         0  fpinit.o ABSOLUTE
    ../fplib/fretinf.s                       0x00000000   Number         0  fretinf.o ABSOLUTE
    ../fplib/frleqf.s                        0x00000000   Number         0  frleqf.o ABSOLUTE
    ../fplib/retnan.s                        0x00000000   Number         0  retnan.o ABSOLUTE
    ../fplib/scalbn.s                        0x00000000   Number         0  scalbn.o ABSOLUTE
    ../fplib/trapv.s                         0x00000000   Number         0  trapv.o ABSOLUTE
    ../fplib/usenofp.s                       0x00000000   Number         0  usenofp.o ABSOLUTE
    ../mathlib/asin.c                        0x00000000   Number         0  asin_x.o ABSOLUTE
    ../mathlib/asin.c                        0x00000000   Number         0  asin.o ABSOLUTE
    ../mathlib/atan.c                        0x00000000   Number         0  atan_x.o ABSOLUTE
    ../mathlib/atan.c                        0x00000000   Number         0  atan.o ABSOLUTE
    ../mathlib/atan2.c                       0x00000000   Number         0  atan2_x.o ABSOLUTE
    ../mathlib/atan2.c                       0x00000000   Number         0  atan2.o ABSOLUTE
    ../mathlib/dunder.c                      0x00000000   Number         0  dunder.o ABSOLUTE
    ../mathlib/fpclassify.c                  0x00000000   Number         0  fpclassify.o ABSOLUTE
    ../mathlib/poly.c                        0x00000000   Number         0  poly.o ABSOLUTE
    ../mathlib/qnan.c                        0x00000000   Number         0  qnan.o ABSOLUTE
    ../mathlib/sqrt.c                        0x00000000   Number         0  sqrt.o ABSOLUTE
    ../mathlib/sqrt.c                        0x00000000   Number         0  sqrt_x.o ABSOLUTE
    C:\Keil_v5\ARM\PACK\Keil\STM32F1xx_DFP\2.2.0\Device\StdPeriph_Driver\src\misc.c 0x00000000   Number         0  misc.o ABSOLUTE
    C:\Keil_v5\ARM\PACK\Keil\STM32F1xx_DFP\2.2.0\Device\StdPeriph_Driver\src\stm32f10x_gpio.c 0x00000000   Number         0  stm32f10x_gpio.o ABSOLUTE
    C:\Keil_v5\ARM\PACK\Keil\STM32F1xx_DFP\2.2.0\Device\StdPeriph_Driver\src\stm32f10x_i2c.c 0x00000000   Number         0  stm32f10x_i2c.o ABSOLUTE
    C:\Keil_v5\ARM\PACK\Keil\STM32F1xx_DFP\2.2.0\Device\StdPeriph_Driver\src\stm32f10x_rcc.c 0x00000000   Number         0  stm32f10x_rcc.o ABSOLUTE
    C:\Keil_v5\ARM\PACK\Keil\STM32F1xx_DFP\2.2.0\Device\StdPeriph_Driver\src\stm32f10x_tim.c 0x00000000   Number         0  stm32f10x_tim.o ABSOLUTE
    C:\Keil_v5\ARM\PACK\Keil\STM32F1xx_DFP\2.2.0\Device\StdPeriph_Driver\src\stm32f10x_usart.c 0x00000000   Number         0  stm32f10x_usart.o ABSOLUTE
    C:\\Keil_v5\\ARM\\PACK\\Keil\\STM32F1xx_DFP\\2.2.0\\Device\\StdPeriph_Driver\\src\\misc.c 0x00000000   Number         0  misc.o ABSOLUTE
    C:\\Keil_v5\\ARM\\PACK\\Keil\\STM32F1xx_DFP\\2.2.0\\Device\\StdPeriph_Driver\\src\\stm32f10x_gpio.c 0x00000000   Number         0  stm32f10x_gpio.o ABSOLUTE
    C:\\Keil_v5\\ARM\\PACK\\Keil\\STM32F1xx_DFP\\2.2.0\\Device\\StdPeriph_Driver\\src\\stm32f10x_i2c.c 0x00000000   Number         0  stm32f10x_i2c.o ABSOLUTE
    C:\\Keil_v5\\ARM\\PACK\\Keil\\STM32F1xx_DFP\\2.2.0\\Device\\StdPeriph_Driver\\src\\stm32f10x_rcc.c 0x00000000   Number         0  stm32f10x_rcc.o ABSOLUTE
    C:\\Keil_v5\\ARM\\PACK\\Keil\\STM32F1xx_DFP\\2.2.0\\Device\\StdPeriph_Driver\\src\\stm32f10x_tim.c 0x00000000   Number         0  stm32f10x_tim.o ABSOLUTE
    C:\\Keil_v5\\ARM\\PACK\\Keil\\STM32F1xx_DFP\\2.2.0\\Device\\StdPeriph_Driver\\src\\stm32f10x_usart.c 0x00000000   Number         0  stm32f10x_usart.o ABSOLUTE
    RTE\Device\STM32F103C8\startup_stm32f10x_md.s 0x00000000   Number         0  startup_stm32f10x_md.o ABSOLUTE
    RTE\Device\STM32F103C8\system_stm32f10x.c 0x00000000   Number         0  system_stm32f10x.o ABSOLUTE
    RTE\\Device\\STM32F103C8\\system_stm32f10x.c 0x00000000   Number         0  system_stm32f10x.o ABSOLUTE
    dc.s                                     0x00000000   Number         0  dc.o ABSOLUTE
    main.c                                   0x00000000   Number         0  main.o ABSOLUTE
    main.c                                   0x00000000   Number         0  main.o ABSOLUTE
    src\AHRS.c                               0x00000000   Number         0  ahrs.o ABSOLUTE
    src\MPU6050.c                            0x00000000   Number         0  mpu6050.o ABSOLUTE
    src\USART2.c                             0x00000000   Number         0  usart2.o ABSOLUTE
    src\\MPU6050.c                           0x00000000   Number         0  mpu6050.o ABSOLUTE
    src\\USART2.c                            0x00000000   Number         0  usart2.o ABSOLUTE
    src\\controle.c                          0x00000000   Number         0  controle.o ABSOLUTE
    src\\delay.c                             0x00000000   Number         0  delay.o ABSOLUTE
    src\\pwm.c                               0x00000000   Number         0  pwm.o ABSOLUTE
    src\controle.c                           0x00000000   Number         0  controle.o ABSOLUTE
    src\delay.c                              0x00000000   Number         0  delay.o ABSOLUTE
    src\pwm.c                                0x00000000   Number         0  pwm.o ABSOLUTE
    RESET                                    0x08000000   Section      236  startup_stm32f10x_md.o(RESET)
    !!!main                                  0x080000ec   Section        8  __main.o(!!!main)
    !!!scatter                               0x080000f4   Section       52  __scatter.o(!!!scatter)
    !!handler_copy                           0x08000128   Section       26  __scatter_copy.o(!!handler_copy)
    !!handler_zi                             0x08000144   Section       28  __scatter_zi.o(!!handler_zi)
    .ARM.Collect$$libinit$$00000000          0x08000160   Section        2  libinit.o(.ARM.Collect$$libinit$$00000000)
    .ARM.Collect$$libinit$$00000002          0x08000162   Section        0  libinit2.o(.ARM.Collect$$libinit$$00000002)
    .ARM.Collect$$libinit$$00000004          0x08000162   Section        0  libinit2.o(.ARM.Collect$$libinit$$00000004)
    .ARM.Collect$$libinit$$0000000A          0x08000162   Section        0  libinit2.o(.ARM.Collect$$libinit$$0000000A)
    .ARM.Collect$$libinit$$0000000C          0x08000162   Section        0  libinit2.o(.ARM.Collect$$libinit$$0000000C)
    .ARM.Collect$$libinit$$0000000E          0x08000162   Section        0  libinit2.o(.ARM.Collect$$libinit$$0000000E)
    .ARM.Collect$$libinit$$00000011          0x08000162   Section        0  libinit2.o(.ARM.Collect$$libinit$$00000011)
    .ARM.Collect$$libinit$$00000013          0x08000162   Section        0  libinit2.o(.ARM.Collect$$libinit$$00000013)
    .ARM.Collect$$libinit$$00000015          0x08000162   Section        0  libinit2.o(.ARM.Collect$$libinit$$00000015)
    .ARM.Collect$$libinit$$00000017          0x08000162   Section        0  libinit2.o(.ARM.Collect$$libinit$$00000017)
    .ARM.Collect$$libinit$$00000019          0x08000162   Section        0  libinit2.o(.ARM.Collect$$libinit$$00000019)
    .ARM.Collect$$libinit$$0000001B          0x08000162   Section        0  libinit2.o(.ARM.Collect$$libinit$$0000001B)
    .ARM.Collect$$libinit$$0000001D          0x08000162   Section        0  libinit2.o(.ARM.Collect$$libinit$$0000001D)
    .ARM.Collect$$libinit$$0000001F          0x08000162   Section        0  libinit2.o(.ARM.Collect$$libinit$$0000001F)
    .ARM.Collect$$libinit$$00000021          0x08000162   Section        0  libinit2.o(.ARM.Collect$$libinit$$00000021)
    .ARM.Collect$$libinit$$00000023          0x08000162   Section        0  libinit2.o(.ARM.Collect$$libinit$$00000023)
    .ARM.Collect$$libinit$$00000025          0x08000162   Section        0  libinit2.o(.ARM.Collect$$libinit$$00000025)
    .ARM.Collect$$libinit$$0000002C          0x08000162   Section        0  libinit2.o(.ARM.Collect$$libinit$$0000002C)
    .ARM.Collect$$libinit$$0000002E          0x08000162   Section        0  libinit2.o(.ARM.Collect$$libinit$$0000002E)
    .ARM.Collect$$libinit$$00000030          0x08000162   Section        0  libinit2.o(.ARM.Collect$$libinit$$00000030)
    .ARM.Collect$$libinit$$00000032          0x08000162   Section        0  libinit2.o(.ARM.Collect$$libinit$$00000032)
    .ARM.Collect$$libinit$$00000033          0x08000162   Section        2  libinit2.o(.ARM.Collect$$libinit$$00000033)
    .ARM.Collect$$libshutdown$$00000000      0x08000164   Section        2  libshutdown.o(.ARM.Collect$$libshutdown$$00000000)
    .ARM.Collect$$libshutdown$$00000002      0x08000166   Section        0  libshutdown2.o(.ARM.Collect$$libshutdown$$00000002)
    .ARM.Collect$$libshutdown$$00000004      0x08000166   Section        0  libshutdown2.o(.ARM.Collect$$libshutdown$$00000004)
    .ARM.Collect$$libshutdown$$00000007      0x08000166   Section        0  libshutdown2.o(.ARM.Collect$$libshutdown$$00000007)
    .ARM.Collect$$libshutdown$$0000000A      0x08000166   Section        0  libshutdown2.o(.ARM.Collect$$libshutdown$$0000000A)
    .ARM.Collect$$libshutdown$$0000000C      0x08000166   Section        0  libshutdown2.o(.ARM.Collect$$libshutdown$$0000000C)
    .ARM.Collect$$libshutdown$$0000000F      0x08000166   Section        0  libshutdown2.o(.ARM.Collect$$libshutdown$$0000000F)
    .ARM.Collect$$libshutdown$$00000010      0x08000166   Section        2  libshutdown2.o(.ARM.Collect$$libshutdown$$00000010)
    .ARM.Collect$$rtentry$$00000000          0x08000168   Section        0  __rtentry.o(.ARM.Collect$$rtentry$$00000000)
    .ARM.Collect$$rtentry$$00000002          0x08000168   Section        0  __rtentry2.o(.ARM.Collect$$rtentry$$00000002)
    .ARM.Collect$$rtentry$$00000004          0x08000168   Section        6  __rtentry4.o(.ARM.Collect$$rtentry$$00000004)
    .ARM.Collect$$rtentry$$00000009          0x0800016e   Section        0  __rtentry2.o(.ARM.Collect$$rtentry$$00000009)
    .ARM.Collect$$rtentry$$0000000A          0x0800016e   Section        4  __rtentry2.o(.ARM.Collect$$rtentry$$0000000A)
    .ARM.Collect$$rtentry$$0000000C          0x08000172   Section        0  __rtentry2.o(.ARM.Collect$$rtentry$$0000000C)
    .ARM.Collect$$rtentry$$0000000D          0x08000172   Section        8  __rtentry2.o(.ARM.Collect$$rtentry$$0000000D)
    .ARM.Collect$$rtexit$$00000000           0x0800017a   Section        2  rtexit.o(.ARM.Collect$$rtexit$$00000000)
    .ARM.Collect$$rtexit$$00000002           0x0800017c   Section        0  rtexit2.o(.ARM.Collect$$rtexit$$00000002)
    .ARM.Collect$$rtexit$$00000003           0x0800017c   Section        4  rtexit2.o(.ARM.Collect$$rtexit$$00000003)
    .ARM.Collect$$rtexit$$00000004           0x08000180   Section        6  rtexit2.o(.ARM.Collect$$rtexit$$00000004)
    .text                                    0x08000188   Section       64  startup_stm32f10x_md.o(.text)
    .text                                    0x080001c8   Section        0  heapauxi.o(.text)
    .text                                    0x080001ce   Section        0  _rserrno.o(.text)
    .text                                    0x080001e4   Section        8  rt_errno_addr_intlibspace.o(.text)
    .text                                    0x080001ec   Section        8  libspace.o(.text)
    .text                                    0x080001f4   Section       74  sys_stackheap_outer.o(.text)
    .text                                    0x0800023e   Section        0  exit.o(.text)
    .text                                    0x08000250   Section        0  sys_exit.o(.text)
    .text                                    0x0800025c   Section        2  use_no_semi.o(.text)
    .text                                    0x0800025e   Section        0  indicate_semi.o(.text)
    i.Clock_Init                             0x0800025e   Section        0  main.o(i.Clock_Init)
    i.DelayInit                              0x08000284   Section        0  delay.o(i.DelayInit)
    i.GPIO_Init                              0x080002e8   Section        0  stm32f10x_gpio.o(i.GPIO_Init)
    i.I2C_AcknowledgeConfig                  0x080003fe   Section        0  stm32f10x_i2c.o(i.I2C_AcknowledgeConfig)
    i.I2C_CheckEvent                         0x08000416   Section        0  stm32f10x_i2c.o(i.I2C_CheckEvent)
    i.I2C_Cmd                                0x08000440   Section        0  stm32f10x_i2c.o(i.I2C_Cmd)
    i.I2C_Configuration                      0x08000458   Section        0  mpu6050.o(i.I2C_Configuration)
    i.I2C_DeInit                             0x080004dc   Section        0  stm32f10x_i2c.o(i.I2C_DeInit)
    i.I2C_GenerateSTART                      0x08000514   Section        0  stm32f10x_i2c.o(i.I2C_GenerateSTART)
    i.I2C_GenerateSTOP                       0x0800052c   Section        0  stm32f10x_i2c.o(i.I2C_GenerateSTOP)
    i.I2C_GetFlagStatus                      0x08000544   Section        0  stm32f10x_i2c.o(i.I2C_GetFlagStatus)
    i.I2C_Init                               0x08000580   Section        0  stm32f10x_i2c.o(i.I2C_Init)
    i.I2C_Send7bitAddress                    0x0800066c   Section        0  stm32f10x_i2c.o(i.I2C_Send7bitAddress)
    i.MPU6050_get_angle                      0x08000680   Section        0  mpu6050.o(i.MPU6050_get_angle)
    i.MPU6050_get_gyro_acc                   0x080007e0   Section        0  mpu6050.o(i.MPU6050_get_gyro_acc)
    i.MPU6050_init                           0x0800083c   Section        0  mpu6050.o(i.MPU6050_init)
    i.MPU6050_read_data                      0x080008bc   Section        0  mpu6050.o(i.MPU6050_read_data)
    i.MPU6050_write_data                     0x0800099c   Section        0  mpu6050.o(i.MPU6050_write_data)
    i.NVIC_Init                              0x08000a14   Section        0  misc.o(i.NVIC_Init)
    i.NVIC_PriorityGroupConfig               0x08000a84   Section        0  misc.o(i.NVIC_PriorityGroupConfig)
    i.PWM_Cali                               0x08000a98   Section        0  pwm.o(i.PWM_Cali)
    i.PWM_Init                               0x08000b00   Section        0  pwm.o(i.PWM_Init)
    i.PWM_dircrtl                            0x08000ba4   Section        0  pwm.o(i.PWM_dircrtl)
    i.PWM_pwrcrtl                            0x08000d18   Section        0  pwm.o(i.PWM_pwrcrtl)
    i.PWM_update                             0x08000d98   Section        0  pwm.o(i.PWM_update)
    i.RCC_APB1PeriphClockCmd                 0x08000e64   Section        0  stm32f10x_rcc.o(i.RCC_APB1PeriphClockCmd)
    i.RCC_APB1PeriphResetCmd                 0x08000e84   Section        0  stm32f10x_rcc.o(i.RCC_APB1PeriphResetCmd)
    i.RCC_APB2PeriphClockCmd                 0x08000ea4   Section        0  stm32f10x_rcc.o(i.RCC_APB2PeriphClockCmd)
    i.RCC_GetClocksFreq                      0x08000ec4   Section        0  stm32f10x_rcc.o(i.RCC_GetClocksFreq)
    i.RCC_HSEConfig                          0x08000f98   Section        0  stm32f10x_rcc.o(i.RCC_HSEConfig)
    i.RCC_PCLK1Config                        0x08000fe4   Section        0  stm32f10x_rcc.o(i.RCC_PCLK1Config)
    i.RCC_PLLConfig                          0x08000ffc   Section        0  stm32f10x_rcc.o(i.RCC_PLLConfig)
    i.RCC_SYSCLKConfig                       0x08001018   Section        0  stm32f10x_rcc.o(i.RCC_SYSCLKConfig)
    i.SetSysClock                            0x08001030   Section        0  system_stm32f10x.o(i.SetSysClock)
    SetSysClock                              0x08001031   Thumb Code     8  system_stm32f10x.o(i.SetSysClock)
    i.SetSysClockTo72                        0x08001038   Section        0  system_stm32f10x.o(i.SetSysClockTo72)
    SetSysClockTo72                          0x08001039   Thumb Code   214  system_stm32f10x.o(i.SetSysClockTo72)
    i.SysTick_Handler                        0x08001118   Section        0  delay.o(i.SysTick_Handler)
    i.SystemCoreClockUpdate                  0x08001128   Section        0  system_stm32f10x.o(i.SystemCoreClockUpdate)
    i.SystemInit                             0x080011cc   Section        0  system_stm32f10x.o(i.SystemInit)
    i.TIM_Cmd                                0x0800122c   Section        0  stm32f10x_tim.o(i.TIM_Cmd)
    i.TIM_OC1Init                            0x08001244   Section        0  stm32f10x_tim.o(i.TIM_OC1Init)
    i.TIM_OC1PreloadConfig                   0x080012dc   Section        0  stm32f10x_tim.o(i.TIM_OC1PreloadConfig)
    i.TIM_OC2Init                            0x080012f0   Section        0  stm32f10x_tim.o(i.TIM_OC2Init)
    i.TIM_OC3Init                            0x08001394   Section        0  stm32f10x_tim.o(i.TIM_OC3Init)
    i.TIM_OC4Init                            0x08001434   Section        0  stm32f10x_tim.o(i.TIM_OC4Init)
    i.TIM_SetCompare1                        0x080014b0   Section        0  stm32f10x_tim.o(i.TIM_SetCompare1)
    i.TIM_SetCompare2                        0x080014b4   Section        0  stm32f10x_tim.o(i.TIM_SetCompare2)
    i.TIM_SetCompare3                        0x080014b8   Section        0  stm32f10x_tim.o(i.TIM_SetCompare3)
    i.TIM_SetCompare4                        0x080014bc   Section        0  stm32f10x_tim.o(i.TIM_SetCompare4)
    i.TIM_TimeBaseInit                       0x080014c4   Section        0  stm32f10x_tim.o(i.TIM_TimeBaseInit)
    i.USART2_IRQHandler                      0x08001568   Section        0  main.o(i.USART2_IRQHandler)
    i.USART2_Init                            0x080015b0   Section        0  usart2.o(i.USART2_Init)
    i.USART_Cmd                              0x0800168c   Section        0  stm32f10x_usart.o(i.USART_Cmd)
    i.USART_GetITStatus                      0x080016a4   Section        0  stm32f10x_usart.o(i.USART_GetITStatus)
    i.USART_ITConfig                         0x080016f8   Section        0  stm32f10x_usart.o(i.USART_ITConfig)
    i.USART_Init                             0x08001744   Section        0  stm32f10x_usart.o(i.USART_Init)
    i.USART_ReceiveData                      0x0800181c   Section        0  stm32f10x_usart.o(i.USART_ReceiveData)
    i.__ARM_fpclassify                       0x08001826   Section        0  fpclassify.o(i.__ARM_fpclassify)
    i.__kernel_poly                          0x0800184e   Section        0  poly.o(i.__kernel_poly)
    i.__mathlib_dbl_infnan                   0x080018f8   Section        0  dunder.o(i.__mathlib_dbl_infnan)
    i.__mathlib_dbl_underflow                0x08001900   Section        0  dunder.o(i.__mathlib_dbl_underflow)
    i.atan                                   0x08001910   Section        0  atan.o(i.atan)
    i.delay_ms                               0x08001b30   Section        0  delay.o(i.delay_ms)
    i.main                                   0x08001b54   Section        0  main.o(i.main)
    i.millis                                 0x08001b94   Section        0  delay.o(i.millis)
    i.sqrt                                   0x08001ba0   Section        0  sqrt.o(i.sqrt)
    x$fpl$d2f                                0x08001bec   Section       98  d2f.o(x$fpl$d2f)
    x$fpl$dadd                               0x08001c50   Section      336  daddsub_clz.o(x$fpl$dadd)
    _dadd1                                   0x08001c61   Thumb Code     0  daddsub_clz.o(x$fpl$dadd)
    x$fpl$dcheck1                            0x08001da0   Section       16  dcheck1.o(x$fpl$dcheck1)
    x$fpl$ddiv                               0x08001db0   Section      688  ddiv.o(x$fpl$ddiv)
    ddiv_entry                               0x08001db7   Thumb Code     0  ddiv.o(x$fpl$ddiv)
    x$fpl$dmul                               0x08002060   Section      340  dmul.o(x$fpl$dmul)
    x$fpl$dnaninf                            0x080021b4   Section      156  dnaninf.o(x$fpl$dnaninf)
    x$fpl$dretinf                            0x08002250   Section       12  dretinf.o(x$fpl$dretinf)
    x$fpl$drsb                               0x0800225c   Section       22  daddsub_clz.o(x$fpl$drsb)
    x$fpl$dsqrt                              0x08002274   Section      460  dsqrt_noumaal.o(x$fpl$dsqrt)
    x$fpl$dsub                               0x08002440   Section      468  daddsub_clz.o(x$fpl$dsub)
    _dsub1                                   0x08002451   Thumb Code     0  daddsub_clz.o(x$fpl$dsub)
    x$fpl$f2d                                0x08002614   Section       86  f2d.o(x$fpl$f2d)
    x$fpl$fadd                               0x0800266c   Section      196  faddsub_clz.o(x$fpl$fadd)
    _fadd1                                   0x0800267b   Thumb Code     0  faddsub_clz.o(x$fpl$fadd)
    x$fpl$fcmpinf                            0x08002730   Section       24  fcmpi.o(x$fpl$fcmpinf)
    x$fpl$ffixu                              0x08002748   Section       62  ffixu.o(x$fpl$ffixu)
    x$fpl$fflt                               0x08002788   Section       48  fflt_clz.o(x$fpl$fflt)
    x$fpl$ffltu                              0x080027b8   Section       38  fflt_clz.o(x$fpl$ffltu)
    x$fpl$fleqf                              0x080027e0   Section      104  fleqf.o(x$fpl$fleqf)
    x$fpl$fnaninf                            0x08002848   Section      140  fnaninf.o(x$fpl$fnaninf)
    x$fpl$fretinf                            0x080028d4   Section       10  fretinf.o(x$fpl$fretinf)
    x$fpl$frleqf                             0x080028de   Section       98  frleqf.o(x$fpl$frleqf)
    x$fpl$fsub                               0x08002940   Section      234  faddsub_clz.o(x$fpl$fsub)
    _fsub1                                   0x0800294f   Thumb Code     0  faddsub_clz.o(x$fpl$fsub)
    x$fpl$retnan                             0x08002a2a   Section      100  retnan.o(x$fpl$retnan)
    x$fpl$scalbn                             0x08002a8e   Section       92  scalbn.o(x$fpl$scalbn)
    x$fpl$trapveneer                         0x08002aea   Section       48  trapv.o(x$fpl$trapveneer)
    x$fpl$usenofp                            0x08002b1a   Section        0  usenofp.o(x$fpl$usenofp)
    .constdata                               0x08002b20   Section      152  atan.o(.constdata)
    atanhi                                   0x08002b20   Data          32  atan.o(.constdata)
    atanlo                                   0x08002b40   Data          32  atan.o(.constdata)
    aTodd                                    0x08002b60   Data          40  atan.o(.constdata)
    aTeven                                   0x08002b88   Data          48  atan.o(.constdata)
    .data                                    0x20000000   Section       36  main.o(.data)
    temp                                     0x20000000   Data           4  main.o(.data)
    gyro_x_rate                              0x20000004   Data           4  main.o(.data)
    gyro_y_rate                              0x20000008   Data           4  main.o(.data)
    gyro_z_rate                              0x2000000c   Data           4  main.o(.data)
    acc_x_angle                              0x20000010   Data           4  main.o(.data)
    acc_y_angle                              0x20000014   Data           4  main.o(.data)
    acc_z_angle                              0x20000018   Data           4  main.o(.data)
    .data                                    0x20000024   Section       42  pwm.o(.data)
    .data                                    0x20000050   Section        8  delay.o(.data)
    usTicks                                  0x20000050   Data           4  delay.o(.data)
    .data                                    0x20000058   Section       77  mpu6050.o(.data)
    temp                                     0x20000058   Data           4  mpu6050.o(.data)
    gyro_x_rate                              0x2000005c   Data           4  mpu6050.o(.data)
    gyro_y_rate                              0x20000060   Data           4  mpu6050.o(.data)
    gyro_z_rate                              0x20000064   Data           4  mpu6050.o(.data)
    acc_x_angle                              0x20000068   Data           4  mpu6050.o(.data)
    acc_y_angle                              0x2000006c   Data           4  mpu6050.o(.data)
    acc_z_angle                              0x20000070   Data           4  mpu6050.o(.data)
    Rgyro                                    0x20000074   Data           6  mpu6050.o(.data)
    Racc                                     0x2000007a   Data           6  mpu6050.o(.data)
    gyro_x                                   0x20000080   Data           4  mpu6050.o(.data)
    gyro_y                                   0x20000084   Data           4  mpu6050.o(.data)
    gyro_z                                   0x20000088   Data           4  mpu6050.o(.data)
    acc_x                                    0x2000008c   Data           4  mpu6050.o(.data)
    acc_y                                    0x20000090   Data           4  mpu6050.o(.data)
    acc_z                                    0x20000094   Data           4  mpu6050.o(.data)
    gyro_x_zero                              0x20000098   Data           4  mpu6050.o(.data)
    gyro_y_zero                              0x2000009c   Data           4  mpu6050.o(.data)
    gyro_z_zero                              0x200000a0   Data           4  mpu6050.o(.data)
    .data                                    0x200000a5   Section       20  stm32f10x_rcc.o(.data)
    APBAHBPrescTable                         0x200000a5   Data          16  stm32f10x_rcc.o(.data)
    ADCPrescTable                            0x200000b5   Data           4  stm32f10x_rcc.o(.data)
    .data                                    0x200000bc   Section       20  system_stm32f10x.o(.data)
    .bss                                     0x200000d0   Section       40  main.o(.bss)
    .bss                                     0x200000f8   Section       96  libspace.o(.bss)
    HEAP                                     0x20000158   Section      512  startup_stm32f10x_md.o(HEAP)
    Heap_Mem                                 0x20000158   Data         512  startup_stm32f10x_md.o(HEAP)
    STACK                                    0x20000358   Section     1024  startup_stm32f10x_md.o(STACK)
    Stack_Mem                                0x20000358   Data        1024  startup_stm32f10x_md.o(STACK)
    __initial_sp                             0x20000758   Data           0  startup_stm32f10x_md.o(STACK)

    Global Symbols

    Symbol Name                              Value     Ov Type        Size  Object(Section)

    BuildAttributes$$THM_ISAv4$P$D$K$B$S$PE$A:L22UL41UL21$X:L11$S22US41US21$IEEE1$IW$USESV6$~STKCKD$USESV7$~SHL$OTIME$ROPI$IEEEX$EBA8$UX$STANDARDLIB$REQ8$PRES8$EABIv2 0x00000000   Number         0  anon$$obj.o ABSOLUTE
    __ARM_use_no_argv                        0x00000000   Number         0  main.o ABSOLUTE
    __ARM_exceptions_init                     - Undefined Weak Reference
    __alloca_initialize                       - Undefined Weak Reference
    __arm_preinit_                            - Undefined Weak Reference
    __cpp_initialize__aeabi_                  - Undefined Weak Reference
    __cxa_finalize                            - Undefined Weak Reference
    __rt_locale                               - Undefined Weak Reference
    __sigvec_lookup                           - Undefined Weak Reference
    _atexit_init                              - Undefined Weak Reference
    _call_atexit_fns                          - Undefined Weak Reference
    _clock_init                               - Undefined Weak Reference
    _fp_trap_init                             - Undefined Weak Reference
    _fp_trap_shutdown                         - Undefined Weak Reference
    _get_lc_collate                           - Undefined Weak Reference
    _get_lc_ctype                             - Undefined Weak Reference
    _get_lc_monetary                          - Undefined Weak Reference
    _get_lc_numeric                           - Undefined Weak Reference
    _get_lc_time                              - Undefined Weak Reference
    _getenv_init                              - Undefined Weak Reference
    _handle_redirection                       - Undefined Weak Reference
    _init_alloc                               - Undefined Weak Reference
    _init_user_alloc                          - Undefined Weak Reference
    _initio                                   - Undefined Weak Reference
    _rand_init                                - Undefined Weak Reference
    _signal_finish                            - Undefined Weak Reference
    _signal_init                              - Undefined Weak Reference
    _terminate_alloc                          - Undefined Weak Reference
    _terminate_user_alloc                     - Undefined Weak Reference
    _terminateio                              - Undefined Weak Reference
    __Vectors_Size                           0x000000ec   Number         0  startup_stm32f10x_md.o ABSOLUTE
    __Vectors                                0x08000000   Data           4  startup_stm32f10x_md.o(RESET)
    __Vectors_End                            0x080000ec   Data           0  startup_stm32f10x_md.o(RESET)
    __main                                   0x080000ed   Thumb Code     8  __main.o(!!!main)
    __scatterload                            0x080000f5   Thumb Code     0  __scatter.o(!!!scatter)
    __scatterload_rt2                        0x080000f5   Thumb Code    44  __scatter.o(!!!scatter)
    __scatterload_rt2_thumb_only             0x080000f5   Thumb Code     0  __scatter.o(!!!scatter)
    __scatterload_null                       0x08000103   Thumb Code     0  __scatter.o(!!!scatter)
    __scatterload_copy                       0x08000129   Thumb Code    26  __scatter_copy.o(!!handler_copy)
    __scatterload_zeroinit                   0x08000145   Thumb Code    28  __scatter_zi.o(!!handler_zi)
    __rt_lib_init                            0x08000161   Thumb Code     0  libinit.o(.ARM.Collect$$libinit$$00000000)
    __rt_lib_init_alloca_1                   0x08000163   Thumb Code     0  libinit2.o(.ARM.Collect$$libinit$$0000002E)
    __rt_lib_init_argv_1                     0x08000163   Thumb Code     0  libinit2.o(.ARM.Collect$$libinit$$0000002C)
    __rt_lib_init_atexit_1                   0x08000163   Thumb Code     0  libinit2.o(.ARM.Collect$$libinit$$0000001B)
    __rt_lib_init_clock_1                    0x08000163   Thumb Code     0  libinit2.o(.ARM.Collect$$libinit$$00000021)
    __rt_lib_init_cpp_1                      0x08000163   Thumb Code     0  libinit2.o(.ARM.Collect$$libinit$$00000032)
    __rt_lib_init_exceptions_1               0x08000163   Thumb Code     0  libinit2.o(.ARM.Collect$$libinit$$00000030)
    __rt_lib_init_fp_1                       0x08000163   Thumb Code     0  libinit2.o(.ARM.Collect$$libinit$$00000002)
    __rt_lib_init_fp_trap_1                  0x08000163   Thumb Code     0  libinit2.o(.ARM.Collect$$libinit$$0000001F)
    __rt_lib_init_getenv_1                   0x08000163   Thumb Code     0  libinit2.o(.ARM.Collect$$libinit$$00000023)
    __rt_lib_init_heap_1                     0x08000163   Thumb Code     0  libinit2.o(.ARM.Collect$$libinit$$0000000A)
    __rt_lib_init_lc_collate_1               0x08000163   Thumb Code     0  libinit2.o(.ARM.Collect$$libinit$$00000011)
    __rt_lib_init_lc_ctype_1                 0x08000163   Thumb Code     0  libinit2.o(.ARM.Collect$$libinit$$00000013)
    __rt_lib_init_lc_monetary_1              0x08000163   Thumb Code     0  libinit2.o(.ARM.Collect$$libinit$$00000015)
    __rt_lib_init_lc_numeric_1               0x08000163   Thumb Code     0  libinit2.o(.ARM.Collect$$libinit$$00000017)
    __rt_lib_init_lc_time_1                  0x08000163   Thumb Code     0  libinit2.o(.ARM.Collect$$libinit$$00000019)
    __rt_lib_init_preinit_1                  0x08000163   Thumb Code     0  libinit2.o(.ARM.Collect$$libinit$$00000004)
    __rt_lib_init_rand_1                     0x08000163   Thumb Code     0  libinit2.o(.ARM.Collect$$libinit$$0000000E)
    __rt_lib_init_return                     0x08000163   Thumb Code     0  libinit2.o(.ARM.Collect$$libinit$$00000033)
    __rt_lib_init_signal_1                   0x08000163   Thumb Code     0  libinit2.o(.ARM.Collect$$libinit$$0000001D)
    __rt_lib_init_stdio_1                    0x08000163   Thumb Code     0  libinit2.o(.ARM.Collect$$libinit$$00000025)
    __rt_lib_init_user_alloc_1               0x08000163   Thumb Code     0  libinit2.o(.ARM.Collect$$libinit$$0000000C)
    __rt_lib_shutdown                        0x08000165   Thumb Code     0  libshutdown.o(.ARM.Collect$$libshutdown$$00000000)
    __rt_lib_shutdown_cpp_1                  0x08000167   Thumb Code     0  libshutdown2.o(.ARM.Collect$$libshutdown$$00000002)
    __rt_lib_shutdown_fp_trap_1              0x08000167   Thumb Code     0  libshutdown2.o(.ARM.Collect$$libshutdown$$00000007)
    __rt_lib_shutdown_heap_1                 0x08000167   Thumb Code     0  libshutdown2.o(.ARM.Collect$$libshutdown$$0000000F)
    __rt_lib_shutdown_return                 0x08000167   Thumb Code     0  libshutdown2.o(.ARM.Collect$$libshutdown$$00000010)
    __rt_lib_shutdown_signal_1               0x08000167   Thumb Code     0  libshutdown2.o(.ARM.Collect$$libshutdown$$0000000A)
    __rt_lib_shutdown_stdio_1                0x08000167   Thumb Code     0  libshutdown2.o(.ARM.Collect$$libshutdown$$00000004)
    __rt_lib_shutdown_user_alloc_1           0x08000167   Thumb Code     0  libshutdown2.o(.ARM.Collect$$libshutdown$$0000000C)
    __rt_entry                               0x08000169   Thumb Code     0  __rtentry.o(.ARM.Collect$$rtentry$$00000000)
    __rt_entry_presh_1                       0x08000169   Thumb Code     0  __rtentry2.o(.ARM.Collect$$rtentry$$00000002)
    __rt_entry_sh                            0x08000169   Thumb Code     0  __rtentry4.o(.ARM.Collect$$rtentry$$00000004)
    __rt_entry_li                            0x0800016f   Thumb Code     0  __rtentry2.o(.ARM.Collect$$rtentry$$0000000A)
    __rt_entry_postsh_1                      0x0800016f   Thumb Code     0  __rtentry2.o(.ARM.Collect$$rtentry$$00000009)
    __rt_entry_main                          0x08000173   Thumb Code     0  __rtentry2.o(.ARM.Collect$$rtentry$$0000000D)
    __rt_entry_postli_1                      0x08000173   Thumb Code     0  __rtentry2.o(.ARM.Collect$$rtentry$$0000000C)
    __rt_exit                                0x0800017b   Thumb Code     0  rtexit.o(.ARM.Collect$$rtexit$$00000000)
    __rt_exit_ls                             0x0800017d   Thumb Code     0  rtexit2.o(.ARM.Collect$$rtexit$$00000003)
    __rt_exit_prels_1                        0x0800017d   Thumb Code     0  rtexit2.o(.ARM.Collect$$rtexit$$00000002)
    __rt_exit_exit                           0x08000181   Thumb Code     0  rtexit2.o(.ARM.Collect$$rtexit$$00000004)
    Reset_Handler                            0x08000189   Thumb Code     8  startup_stm32f10x_md.o(.text)
    NMI_Handler                              0x08000191   Thumb Code     2  startup_stm32f10x_md.o(.text)
    HardFault_Handler                        0x08000193   Thumb Code     2  startup_stm32f10x_md.o(.text)
    MemManage_Handler                        0x08000195   Thumb Code     2  startup_stm32f10x_md.o(.text)
    BusFault_Handler                         0x08000197   Thumb Code     2  startup_stm32f10x_md.o(.text)
    UsageFault_Handler                       0x08000199   Thumb Code     2  startup_stm32f10x_md.o(.text)
    SVC_Handler                              0x0800019b   Thumb Code     2  startup_stm32f10x_md.o(.text)
    DebugMon_Handler                         0x0800019d   Thumb Code     2  startup_stm32f10x_md.o(.text)
    PendSV_Handler                           0x0800019f   Thumb Code     2  startup_stm32f10x_md.o(.text)
    ADC1_2_IRQHandler                        0x080001a3   Thumb Code     0  startup_stm32f10x_md.o(.text)
    CAN1_RX1_IRQHandler                      0x080001a3   Thumb Code     0  startup_stm32f10x_md.o(.text)
    CAN1_SCE_IRQHandler                      0x080001a3   Thumb Code     0  startup_stm32f10x_md.o(.text)
    DMA1_Channel1_IRQHandler                 0x080001a3   Thumb Code     0  startup_stm32f10x_md.o(.text)
    DMA1_Channel2_IRQHandler                 0x080001a3   Thumb Code     0  startup_stm32f10x_md.o(.text)
    DMA1_Channel3_IRQHandler                 0x080001a3   Thumb Code     0  startup_stm32f10x_md.o(.text)
    DMA1_Channel4_IRQHandler                 0x080001a3   Thumb Code     0  startup_stm32f10x_md.o(.text)
    DMA1_Channel5_IRQHandler                 0x080001a3   Thumb Code     0  startup_stm32f10x_md.o(.text)
    DMA1_Channel6_IRQHandler                 0x080001a3   Thumb Code     0  startup_stm32f10x_md.o(.text)
    DMA1_Channel7_IRQHandler                 0x080001a3   Thumb Code     0  startup_stm32f10x_md.o(.text)
    EXTI0_IRQHandler                         0x080001a3   Thumb Code     0  startup_stm32f10x_md.o(.text)
    EXTI15_10_IRQHandler                     0x080001a3   Thumb Code     0  startup_stm32f10x_md.o(.text)
    EXTI1_IRQHandler                         0x080001a3   Thumb Code     0  startup_stm32f10x_md.o(.text)
    EXTI2_IRQHandler                         0x080001a3   Thumb Code     0  startup_stm32f10x_md.o(.text)
    EXTI3_IRQHandler                         0x080001a3   Thumb Code     0  startup_stm32f10x_md.o(.text)
    EXTI4_IRQHandler                         0x080001a3   Thumb Code     0  startup_stm32f10x_md.o(.text)
    EXTI9_5_IRQHandler                       0x080001a3   Thumb Code     0  startup_stm32f10x_md.o(.text)
    FLASH_IRQHandler                         0x080001a3   Thumb Code     0  startup_stm32f10x_md.o(.text)
    I2C1_ER_IRQHandler                       0x080001a3   Thumb Code     0  startup_stm32f10x_md.o(.text)
    I2C1_EV_IRQHandler                       0x080001a3   Thumb Code     0  startup_stm32f10x_md.o(.text)
    I2C2_ER_IRQHandler                       0x080001a3   Thumb Code     0  startup_stm32f10x_md.o(.text)
    I2C2_EV_IRQHandler                       0x080001a3   Thumb Code     0  startup_stm32f10x_md.o(.text)
    PVD_IRQHandler                           0x080001a3   Thumb Code     0  startup_stm32f10x_md.o(.text)
    RCC_IRQHandler                           0x080001a3   Thumb Code     0  startup_stm32f10x_md.o(.text)
    RTCAlarm_IRQHandler                      0x080001a3   Thumb Code     0  startup_stm32f10x_md.o(.text)
    RTC_IRQHandler                           0x080001a3   Thumb Code     0  startup_stm32f10x_md.o(.text)
    SPI1_IRQHandler                          0x080001a3   Thumb Code     0  startup_stm32f10x_md.o(.text)
    SPI2_IRQHandler                          0x080001a3   Thumb Code     0  startup_stm32f10x_md.o(.text)
    TAMPER_IRQHandler                        0x080001a3   Thumb Code     0  startup_stm32f10x_md.o(.text)
    TIM1_BRK_IRQHandler                      0x080001a3   Thumb Code     0  startup_stm32f10x_md.o(.text)
    TIM1_CC_IRQHandler                       0x080001a3   Thumb Code     0  startup_stm32f10x_md.o(.text)
    TIM1_TRG_COM_IRQHandler                  0x080001a3   Thumb Code     0  startup_stm32f10x_md.o(.text)
    TIM1_UP_IRQHandler                       0x080001a3   Thumb Code     0  startup_stm32f10x_md.o(.text)
    TIM2_IRQHandler                          0x080001a3   Thumb Code     0  startup_stm32f10x_md.o(.text)
    TIM3_IRQHandler                          0x080001a3   Thumb Code     0  startup_stm32f10x_md.o(.text)
    TIM4_IRQHandler                          0x080001a3   Thumb Code     0  startup_stm32f10x_md.o(.text)
    USART1_IRQHandler                        0x080001a3   Thumb Code     0  startup_stm32f10x_md.o(.text)
    USART3_IRQHandler                        0x080001a3   Thumb Code     0  startup_stm32f10x_md.o(.text)
    USBWakeUp_IRQHandler                     0x080001a3   Thumb Code     0  startup_stm32f10x_md.o(.text)
    USB_HP_CAN1_TX_IRQHandler                0x080001a3   Thumb Code     0  startup_stm32f10x_md.o(.text)
    USB_LP_CAN1_RX0_IRQHandler               0x080001a3   Thumb Code     0  startup_stm32f10x_md.o(.text)
    WWDG_IRQHandler                          0x080001a3   Thumb Code     0  startup_stm32f10x_md.o(.text)
    __user_initial_stackheap                 0x080001a5   Thumb Code     0  startup_stm32f10x_md.o(.text)
    __use_two_region_memory                  0x080001c9   Thumb Code     2  heapauxi.o(.text)
    __rt_heap_escrow$2region                 0x080001cb   Thumb Code     2  heapauxi.o(.text)
    __rt_heap_expand$2region                 0x080001cd   Thumb Code     2  heapauxi.o(.text)
    __read_errno                             0x080001cf   Thumb Code    10  _rserrno.o(.text)
    __set_errno                              0x080001d9   Thumb Code    12  _rserrno.o(.text)
    __aeabi_errno_addr                       0x080001e5   Thumb Code     8  rt_errno_addr_intlibspace.o(.text)
    __errno$intlibspace                      0x080001e5   Thumb Code     0  rt_errno_addr_intlibspace.o(.text)
    __rt_errno_addr$intlibspace              0x080001e5   Thumb Code     0  rt_errno_addr_intlibspace.o(.text)
    __user_libspace                          0x080001ed   Thumb Code     8  libspace.o(.text)
    __user_perproc_libspace                  0x080001ed   Thumb Code     0  libspace.o(.text)
    __user_perthread_libspace                0x080001ed   Thumb Code     0  libspace.o(.text)
    __user_setup_stackheap                   0x080001f5   Thumb Code    74  sys_stackheap_outer.o(.text)
    exit                                     0x0800023f   Thumb Code    18  exit.o(.text)
    _sys_exit                                0x08000251   Thumb Code     8  sys_exit.o(.text)
    __I$use$semihosting                      0x0800025d   Thumb Code     0  use_no_semi.o(.text)
    __use_no_semihosting_swi                 0x0800025d   Thumb Code     2  use_no_semi.o(.text)
    Clock_Init                               0x0800025f   Thumb Code    38  main.o(i.Clock_Init)
    __semihosting_library_function           0x0800025f   Thumb Code     0  indicate_semi.o(.text)
    DelayInit                                0x08000285   Thumb Code    86  delay.o(i.DelayInit)
    GPIO_Init                                0x080002e9   Thumb Code   278  stm32f10x_gpio.o(i.GPIO_Init)
    I2C_AcknowledgeConfig                    0x080003ff   Thumb Code    24  stm32f10x_i2c.o(i.I2C_AcknowledgeConfig)
    I2C_CheckEvent                           0x08000417   Thumb Code    42  stm32f10x_i2c.o(i.I2C_CheckEvent)
    I2C_Cmd                                  0x08000441   Thumb Code    24  stm32f10x_i2c.o(i.I2C_Cmd)
    I2C_Configuration                        0x08000459   Thumb Code   120  mpu6050.o(i.I2C_Configuration)
    I2C_DeInit                               0x080004dd   Thumb Code    50  stm32f10x_i2c.o(i.I2C_DeInit)
    I2C_GenerateSTART                        0x08000515   Thumb Code    24  stm32f10x_i2c.o(i.I2C_GenerateSTART)
    I2C_GenerateSTOP                         0x0800052d   Thumb Code    24  stm32f10x_i2c.o(i.I2C_GenerateSTOP)
    I2C_GetFlagStatus                        0x08000545   Thumb Code    58  stm32f10x_i2c.o(i.I2C_GetFlagStatus)
    I2C_Init                                 0x08000581   Thumb Code   222  stm32f10x_i2c.o(i.I2C_Init)
    I2C_Send7bitAddress                      0x0800066d   Thumb Code    18  stm32f10x_i2c.o(i.I2C_Send7bitAddress)
    MPU6050_get_angle                        0x08000681   Thumb Code   324  mpu6050.o(i.MPU6050_get_angle)
    MPU6050_get_gyro_acc                     0x080007e1   Thumb Code    84  mpu6050.o(i.MPU6050_get_gyro_acc)
    MPU6050_init                             0x0800083d   Thumb Code   124  mpu6050.o(i.MPU6050_init)
    MPU6050_read_data                        0x080008bd   Thumb Code   210  mpu6050.o(i.MPU6050_read_data)
    MPU6050_write_data                       0x0800099d   Thumb Code   108  mpu6050.o(i.MPU6050_write_data)
    NVIC_Init                                0x08000a15   Thumb Code   100  misc.o(i.NVIC_Init)
    NVIC_PriorityGroupConfig                 0x08000a85   Thumb Code    10  misc.o(i.NVIC_PriorityGroupConfig)
    PWM_Cali                                 0x08000a99   Thumb Code   100  pwm.o(i.PWM_Cali)
    PWM_Init                                 0x08000b01   Thumb Code   154  pwm.o(i.PWM_Init)
    PWM_dircrtl                              0x08000ba5   Thumb Code   350  pwm.o(i.PWM_dircrtl)
    PWM_pwrcrtl                              0x08000d19   Thumb Code   104  pwm.o(i.PWM_pwrcrtl)
    PWM_update                               0x08000d99   Thumb Code   164  pwm.o(i.PWM_update)
    RCC_APB1PeriphClockCmd                   0x08000e65   Thumb Code    26  stm32f10x_rcc.o(i.RCC_APB1PeriphClockCmd)
    RCC_APB1PeriphResetCmd                   0x08000e85   Thumb Code    26  stm32f10x_rcc.o(i.RCC_APB1PeriphResetCmd)
    RCC_APB2PeriphClockCmd                   0x08000ea5   Thumb Code    26  stm32f10x_rcc.o(i.RCC_APB2PeriphClockCmd)
    RCC_GetClocksFreq                        0x08000ec5   Thumb Code   192  stm32f10x_rcc.o(i.RCC_GetClocksFreq)
    RCC_HSEConfig                            0x08000f99   Thumb Code    70  stm32f10x_rcc.o(i.RCC_HSEConfig)
    RCC_PCLK1Config                          0x08000fe5   Thumb Code    18  stm32f10x_rcc.o(i.RCC_PCLK1Config)
    RCC_PLLConfig                            0x08000ffd   Thumb Code    24  stm32f10x_rcc.o(i.RCC_PLLConfig)
    RCC_SYSCLKConfig                         0x08001019   Thumb Code    18  stm32f10x_rcc.o(i.RCC_SYSCLKConfig)
    SysTick_Handler                          0x08001119   Thumb Code    12  delay.o(i.SysTick_Handler)
    SystemCoreClockUpdate                    0x08001129   Thumb Code   142  system_stm32f10x.o(i.SystemCoreClockUpdate)
    SystemInit                               0x080011cd   Thumb Code    78  system_stm32f10x.o(i.SystemInit)
    TIM_Cmd                                  0x0800122d   Thumb Code    24  stm32f10x_tim.o(i.TIM_Cmd)
    TIM_OC1Init                              0x08001245   Thumb Code   132  stm32f10x_tim.o(i.TIM_OC1Init)
    TIM_OC1PreloadConfig                     0x080012dd   Thumb Code    18  stm32f10x_tim.o(i.TIM_OC1PreloadConfig)
    TIM_OC2Init                              0x080012f1   Thumb Code   154  stm32f10x_tim.o(i.TIM_OC2Init)
    TIM_OC3Init                              0x08001395   Thumb Code   150  stm32f10x_tim.o(i.TIM_OC3Init)
    TIM_OC4Init                              0x08001435   Thumb Code   114  stm32f10x_tim.o(i.TIM_OC4Init)
    TIM_SetCompare1                          0x080014b1   Thumb Code     4  stm32f10x_tim.o(i.TIM_SetCompare1)
    TIM_SetCompare2                          0x080014b5   Thumb Code     4  stm32f10x_tim.o(i.TIM_SetCompare2)
    TIM_SetCompare3                          0x080014b9   Thumb Code     4  stm32f10x_tim.o(i.TIM_SetCompare3)
    TIM_SetCompare4                          0x080014bd   Thumb Code     6  stm32f10x_tim.o(i.TIM_SetCompare4)
    TIM_TimeBaseInit                         0x080014c5   Thumb Code   122  stm32f10x_tim.o(i.TIM_TimeBaseInit)
    USART2_IRQHandler                        0x08001569   Thumb Code    64  main.o(i.USART2_IRQHandler)
    USART2_Init                              0x080015b1   Thumb Code   202  usart2.o(i.USART2_Init)
    USART_Cmd                                0x0800168d   Thumb Code    24  stm32f10x_usart.o(i.USART_Cmd)
    USART_GetITStatus                        0x080016a5   Thumb Code    84  stm32f10x_usart.o(i.USART_GetITStatus)
    USART_ITConfig                           0x080016f9   Thumb Code    74  stm32f10x_usart.o(i.USART_ITConfig)
    USART_Init                               0x08001745   Thumb Code   210  stm32f10x_usart.o(i.USART_Init)
    USART_ReceiveData                        0x0800181d   Thumb Code    10  stm32f10x_usart.o(i.USART_ReceiveData)
    __ARM_fpclassify                         0x08001827   Thumb Code    40  fpclassify.o(i.__ARM_fpclassify)
    __kernel_poly                            0x0800184f   Thumb Code   170  poly.o(i.__kernel_poly)
    __mathlib_dbl_infnan                     0x080018f9   Thumb Code     6  dunder.o(i.__mathlib_dbl_infnan)
    __mathlib_dbl_underflow                  0x08001901   Thumb Code    10  dunder.o(i.__mathlib_dbl_underflow)
    atan                                     0x08001911   Thumb Code   474  atan.o(i.atan)
    delay_ms                                 0x08001b31   Thumb Code    26  delay.o(i.delay_ms)
    main                                     0x08001b55   Thumb Code    54  main.o(i.main)
    millis                                   0x08001b95   Thumb Code     6  delay.o(i.millis)
    sqrt                                     0x08001ba1   Thumb Code    76  sqrt.o(i.sqrt)
    __aeabi_d2f                              0x08001bed   Thumb Code     0  d2f.o(x$fpl$d2f)
    _d2f                                     0x08001bed   Thumb Code    98  d2f.o(x$fpl$d2f)
    __aeabi_dadd                             0x08001c51   Thumb Code     0  daddsub_clz.o(x$fpl$dadd)
    _dadd                                    0x08001c51   Thumb Code   332  daddsub_clz.o(x$fpl$dadd)
    __fpl_dcheck_NaN1                        0x08001da1   Thumb Code    10  dcheck1.o(x$fpl$dcheck1)
    __aeabi_ddiv                             0x08001db1   Thumb Code     0  ddiv.o(x$fpl$ddiv)
    _ddiv                                    0x08001db1   Thumb Code   552  ddiv.o(x$fpl$ddiv)
    __aeabi_dmul                             0x08002061   Thumb Code     0  dmul.o(x$fpl$dmul)
    _dmul                                    0x08002061   Thumb Code   332  dmul.o(x$fpl$dmul)
    __fpl_dnaninf                            0x080021b5   Thumb Code   156  dnaninf.o(x$fpl$dnaninf)
    __fpl_dretinf                            0x08002251   Thumb Code    12  dretinf.o(x$fpl$dretinf)
    __aeabi_drsub                            0x0800225d   Thumb Code     0  daddsub_clz.o(x$fpl$drsb)
    _drsb                                    0x0800225d   Thumb Code    22  daddsub_clz.o(x$fpl$drsb)
    _dsqrt                                   0x08002275   Thumb Code   456  dsqrt_noumaal.o(x$fpl$dsqrt)
    __aeabi_dsub                             0x08002441   Thumb Code     0  daddsub_clz.o(x$fpl$dsub)
    _dsub                                    0x08002441   Thumb Code   464  daddsub_clz.o(x$fpl$dsub)
    __aeabi_f2d                              0x08002615   Thumb Code     0  f2d.o(x$fpl$f2d)
    _f2d                                     0x08002615   Thumb Code    86  f2d.o(x$fpl$f2d)
    __aeabi_fadd                             0x0800266d   Thumb Code     0  faddsub_clz.o(x$fpl$fadd)
    _fadd                                    0x0800266d   Thumb Code   196  faddsub_clz.o(x$fpl$fadd)
    __fpl_fcmp_Inf                           0x08002731   Thumb Code    24  fcmpi.o(x$fpl$fcmpinf)
    __aeabi_f2uiz                            0x08002749   Thumb Code     0  ffixu.o(x$fpl$ffixu)
    _ffixu                                   0x08002749   Thumb Code    62  ffixu.o(x$fpl$ffixu)
    __aeabi_i2f                              0x08002789   Thumb Code     0  fflt_clz.o(x$fpl$fflt)
    _fflt                                    0x08002789   Thumb Code    48  fflt_clz.o(x$fpl$fflt)
    __aeabi_ui2f                             0x080027b9   Thumb Code     0  fflt_clz.o(x$fpl$ffltu)
    _ffltu                                   0x080027b9   Thumb Code    38  fflt_clz.o(x$fpl$ffltu)
    __aeabi_cfcmple                          0x080027e1   Thumb Code     0  fleqf.o(x$fpl$fleqf)
    _fcmple                                  0x080027e1   Thumb Code   104  fleqf.o(x$fpl$fleqf)
    __fpl_fcmple_InfNaN                      0x08002833   Thumb Code     0  fleqf.o(x$fpl$fleqf)
    __fpl_fnaninf                            0x08002849   Thumb Code   140  fnaninf.o(x$fpl$fnaninf)
    __fpl_fretinf                            0x080028d5   Thumb Code    10  fretinf.o(x$fpl$fretinf)
    __aeabi_cfrcmple                         0x080028df   Thumb Code     0  frleqf.o(x$fpl$frleqf)
    _frcmple                                 0x080028df   Thumb Code    98  frleqf.o(x$fpl$frleqf)
    __aeabi_fsub                             0x08002941   Thumb Code     0  faddsub_clz.o(x$fpl$fsub)
    _fsub                                    0x08002941   Thumb Code   234  faddsub_clz.o(x$fpl$fsub)
    __fpl_return_NaN                         0x08002a2b   Thumb Code   100  retnan.o(x$fpl$retnan)
    __ARM_scalbn                             0x08002a8f   Thumb Code    92  scalbn.o(x$fpl$scalbn)
    __fpl_cmpreturn                          0x08002aeb   Thumb Code    48  trapv.o(x$fpl$trapveneer)
    __I$use$fp                               0x08002b1a   Number         0  usenofp.o(x$fpl$usenofp)
    Region$$Table$$Base                      0x08002bb8   Number         0  anon$$obj.o(Region$$Table)
    Region$$Table$$Limit                     0x08002bd8   Number         0  anon$$obj.o(Region$$Table)
    data                                     0x2000001c   Data           3  main.o(.data)
    tmp                                      0x2000001f   Data           1  main.o(.data)
    t                                        0x20000020   Data           4  main.o(.data)
    vel_tmp                                  0x20000024   Data           4  pwm.o(.data)
    error                                    0x20000028   Data           4  pwm.o(.data)
    lastProcess                              0x2000002c   Data           4  pwm.o(.data)
    P                                        0x20000030   Data           4  pwm.o(.data)
    I                                        0x20000034   Data           4  pwm.o(.data)
    D                                        0x20000038   Data           4  pwm.o(.data)
    state                                    0x2000003c   Data           1  pwm.o(.data)
    MotorA                                   0x2000003e   Data           2  pwm.o(.data)
    MotorB                                   0x20000040   Data           2  pwm.o(.data)
    MotorC                                   0x20000042   Data           2  pwm.o(.data)
    MotorD                                   0x20000044   Data           2  pwm.o(.data)
    man_a                                    0x20000046   Data           2  pwm.o(.data)
    man_b                                    0x20000048   Data           2  pwm.o(.data)
    man_c                                    0x2000004a   Data           2  pwm.o(.data)
    man_d                                    0x2000004c   Data           2  pwm.o(.data)
    counter                                  0x20000054   Data           4  delay.o(.data)
    mpu_wdata                                0x200000a4   Data           1  mpu6050.o(.data)
    SystemCoreClock                          0x200000bc   Data           4  system_stm32f10x.o(.data)
    AHBPrescTable                            0x200000c0   Data          16  system_stm32f10x.o(.data)
    buf                                      0x200000d0   Data          16  main.o(.bss)
    Racc                                     0x200000e0   Data          12  main.o(.bss)
    Rgyro                                    0x200000ec   Data          12  main.o(.bss)
    __libspace_start                         0x200000f8   Data          96  libspace.o(.bss)
    __temporary_stack_top$libspace           0x20000158   Data           0  libspace.o(.bss)



==============================================================================

Memory Map of the image

  Image Entry point : 0x08000189

  Load Region LR_1 (Base: 0x08000000, Size: 0x00002ca8, Max: 0xffffffff, ABSOLUTE)

    Execution Region ER_RO (Exec base: 0x08000000, Load base: 0x08000000, Size: 0x00002bd8, Max: 0xffffffff, ABSOLUTE)

    Exec Addr    Load Addr    Size         Type   Attr      Idx    E Section Name        Object

    0x08000000   0x08000000   0x000000ec   Data   RO         1804    RESET               startup_stm32f10x_md.o
    0x080000ec   0x080000ec   0x00000008   Code   RO         1859  * !!!main             c_w.l(__main.o)
    0x080000f4   0x080000f4   0x00000034   Code   RO         2157    !!!scatter          c_w.l(__scatter.o)
    0x08000128   0x08000128   0x0000001a   Code   RO         2159    !!handler_copy      c_w.l(__scatter_copy.o)
    0x08000142   0x08000142   0x00000002   PAD
    0x08000144   0x08000144   0x0000001c   Code   RO         2161    !!handler_zi        c_w.l(__scatter_zi.o)
    0x08000160   0x08000160   0x00000002   Code   RO         2026    .ARM.Collect$$libinit$$00000000  c_w.l(libinit.o)
    0x08000162   0x08000162   0x00000000   Code   RO         2032    .ARM.Collect$$libinit$$00000002  c_w.l(libinit2.o)
    0x08000162   0x08000162   0x00000000   Code   RO         2034    .ARM.Collect$$libinit$$00000004  c_w.l(libinit2.o)
    0x08000162   0x08000162   0x00000000   Code   RO         2037    .ARM.Collect$$libinit$$0000000A  c_w.l(libinit2.o)
    0x08000162   0x08000162   0x00000000   Code   RO         2039    .ARM.Collect$$libinit$$0000000C  c_w.l(libinit2.o)
    0x08000162   0x08000162   0x00000000   Code   RO         2041    .ARM.Collect$$libinit$$0000000E  c_w.l(libinit2.o)
    0x08000162   0x08000162   0x00000000   Code   RO         2044    .ARM.Collect$$libinit$$00000011  c_w.l(libinit2.o)
    0x08000162   0x08000162   0x00000000   Code   RO         2046    .ARM.Collect$$libinit$$00000013  c_w.l(libinit2.o)
    0x08000162   0x08000162   0x00000000   Code   RO         2048    .ARM.Collect$$libinit$$00000015  c_w.l(libinit2.o)
    0x08000162   0x08000162   0x00000000   Code   RO         2050    .ARM.Collect$$libinit$$00000017  c_w.l(libinit2.o)
    0x08000162   0x08000162   0x00000000   Code   RO         2052    .ARM.Collect$$libinit$$00000019  c_w.l(libinit2.o)
    0x08000162   0x08000162   0x00000000   Code   RO         2054    .ARM.Collect$$libinit$$0000001B  c_w.l(libinit2.o)
    0x08000162   0x08000162   0x00000000   Code   RO         2056    .ARM.Collect$$libinit$$0000001D  c_w.l(libinit2.o)
    0x08000162   0x08000162   0x00000000   Code   RO         2058    .ARM.Collect$$libinit$$0000001F  c_w.l(libinit2.o)
    0x08000162   0x08000162   0x00000000   Code   RO         2060    .ARM.Collect$$libinit$$00000021  c_w.l(libinit2.o)
    0x08000162   0x08000162   0x00000000   Code   RO         2062    .ARM.Collect$$libinit$$00000023  c_w.l(libinit2.o)
    0x08000162   0x08000162   0x00000000   Code   RO         2064    .ARM.Collect$$libinit$$00000025  c_w.l(libinit2.o)
    0x08000162   0x08000162   0x00000000   Code   RO         2068    .ARM.Collect$$libinit$$0000002C  c_w.l(libinit2.o)
    0x08000162   0x08000162   0x00000000   Code   RO         2070    .ARM.Collect$$libinit$$0000002E  c_w.l(libinit2.o)
    0x08000162   0x08000162   0x00000000   Code   RO         2072    .ARM.Collect$$libinit$$00000030  c_w.l(libinit2.o)
    0x08000162   0x08000162   0x00000000   Code   RO         2074    .ARM.Collect$$libinit$$00000032  c_w.l(libinit2.o)
    0x08000162   0x08000162   0x00000002   Code   RO         2075    .ARM.Collect$$libinit$$00000033  c_w.l(libinit2.o)
    0x08000164   0x08000164   0x00000002   Code   RO         2097    .ARM.Collect$$libshutdown$$00000000  c_w.l(libshutdown.o)
    0x08000166   0x08000166   0x00000000   Code   RO         2110    .ARM.Collect$$libshutdown$$00000002  c_w.l(libshutdown2.o)
    0x08000166   0x08000166   0x00000000   Code   RO         2112    .ARM.Collect$$libshutdown$$00000004  c_w.l(libshutdown2.o)
    0x08000166   0x08000166   0x00000000   Code   RO         2115    .ARM.Collect$$libshutdown$$00000007  c_w.l(libshutdown2.o)
    0x08000166   0x08000166   0x00000000   Code   RO         2118    .ARM.Collect$$libshutdown$$0000000A  c_w.l(libshutdown2.o)
    0x08000166   0x08000166   0x00000000   Code   RO         2120    .ARM.Collect$$libshutdown$$0000000C  c_w.l(libshutdown2.o)
    0x08000166   0x08000166   0x00000000   Code   RO         2123    .ARM.Collect$$libshutdown$$0000000F  c_w.l(libshutdown2.o)
    0x08000166   0x08000166   0x00000002   Code   RO         2124    .ARM.Collect$$libshutdown$$00000010  c_w.l(libshutdown2.o)
    0x08000168   0x08000168   0x00000000   Code   RO         1953    .ARM.Collect$$rtentry$$00000000  c_w.l(__rtentry.o)
    0x08000168   0x08000168   0x00000000   Code   RO         1993    .ARM.Collect$$rtentry$$00000002  c_w.l(__rtentry2.o)
    0x08000168   0x08000168   0x00000006   Code   RO         2005    .ARM.Collect$$rtentry$$00000004  c_w.l(__rtentry4.o)
    0x0800016e   0x0800016e   0x00000000   Code   RO         1995    .ARM.Collect$$rtentry$$00000009  c_w.l(__rtentry2.o)
    0x0800016e   0x0800016e   0x00000004   Code   RO         1996    .ARM.Collect$$rtentry$$0000000A  c_w.l(__rtentry2.o)
    0x08000172   0x08000172   0x00000000   Code   RO         1998    .ARM.Collect$$rtentry$$0000000C  c_w.l(__rtentry2.o)
    0x08000172   0x08000172   0x00000008   Code   RO         1999    .ARM.Collect$$rtentry$$0000000D  c_w.l(__rtentry2.o)
    0x0800017a   0x0800017a   0x00000002   Code   RO         2029    .ARM.Collect$$rtexit$$00000000  c_w.l(rtexit.o)
    0x0800017c   0x0800017c   0x00000000   Code   RO         2079    .ARM.Collect$$rtexit$$00000002  c_w.l(rtexit2.o)
    0x0800017c   0x0800017c   0x00000004   Code   RO         2080    .ARM.Collect$$rtexit$$00000003  c_w.l(rtexit2.o)
    0x08000180   0x08000180   0x00000006   Code   RO         2081    .ARM.Collect$$rtexit$$00000004  c_w.l(rtexit2.o)
    0x08000186   0x08000186   0x00000002   PAD
    0x08000188   0x08000188   0x00000040   Code   RO         1805  * .text               startup_stm32f10x_md.o
    0x080001c8   0x080001c8   0x00000006   Code   RO         1857    .text               c_w.l(heapauxi.o)
    0x080001ce   0x080001ce   0x00000016   Code   RO         1954    .text               c_w.l(_rserrno.o)
    0x080001e4   0x080001e4   0x00000008   Code   RO         2010    .text               c_w.l(rt_errno_addr_intlibspace.o)
    0x080001ec   0x080001ec   0x00000008   Code   RO         2014    .text               c_w.l(libspace.o)
    0x080001f4   0x080001f4   0x0000004a   Code   RO         2017    .text               c_w.l(sys_stackheap_outer.o)
    0x0800023e   0x0800023e   0x00000012   Code   RO         2019    .text               c_w.l(exit.o)
    0x08000250   0x08000250   0x0000000c   Code   RO         2089    .text               c_w.l(sys_exit.o)
    0x0800025c   0x0800025c   0x00000002   Code   RO         2100    .text               c_w.l(use_no_semi.o)
    0x0800025e   0x0800025e   0x00000000   Code   RO         2102    .text               c_w.l(indicate_semi.o)
    0x0800025e   0x0800025e   0x00000026   Code   RO            4    i.Clock_Init        main.o
    0x08000284   0x08000284   0x00000064   Code   RO          173    i.DelayInit         delay.o
    0x080002e8   0x080002e8   0x00000116   Code   RO          505    i.GPIO_Init         stm32f10x_gpio.o
    0x080003fe   0x080003fe   0x00000018   Code   RO          626    i.I2C_AcknowledgeConfig  stm32f10x_i2c.o
    0x08000416   0x08000416   0x0000002a   Code   RO          628    i.I2C_CheckEvent    stm32f10x_i2c.o
    0x08000440   0x08000440   0x00000018   Code   RO          631    i.I2C_Cmd           stm32f10x_i2c.o
    0x08000458   0x08000458   0x00000084   Code   RO          295    i.I2C_Configuration  mpu6050.o
    0x080004dc   0x080004dc   0x00000038   Code   RO          634    i.I2C_DeInit        stm32f10x_i2c.o
    0x08000514   0x08000514   0x00000018   Code   RO          638    i.I2C_GenerateSTART  stm32f10x_i2c.o
    0x0800052c   0x0800052c   0x00000018   Code   RO          639    i.I2C_GenerateSTOP  stm32f10x_i2c.o
    0x08000544   0x08000544   0x0000003a   Code   RO          640    i.I2C_GetFlagStatus  stm32f10x_i2c.o
    0x0800057e   0x0800057e   0x00000002   PAD
    0x08000580   0x08000580   0x000000ec   Code   RO          645    i.I2C_Init          stm32f10x_i2c.o
    0x0800066c   0x0800066c   0x00000012   Code   RO          652    i.I2C_Send7bitAddress  stm32f10x_i2c.o
    0x0800067e   0x0800067e   0x00000002   PAD
    0x08000680   0x08000680   0x00000160   Code   RO          296    i.MPU6050_get_angle  mpu6050.o
    0x080007e0   0x080007e0   0x0000005c   Code   RO          297    i.MPU6050_get_gyro_acc  mpu6050.o
    0x0800083c   0x0800083c   0x00000080   Code   RO          299    i.MPU6050_init      mpu6050.o
    0x080008bc   0x080008bc   0x000000e0   Code   RO          300    i.MPU6050_read_data  mpu6050.o
    0x0800099c   0x0800099c   0x00000078   Code   RO          301    i.MPU6050_write_data  mpu6050.o
    0x08000a14   0x08000a14   0x00000070   Code   RO          451    i.NVIC_Init         misc.o
    0x08000a84   0x08000a84   0x00000014   Code   RO          452    i.NVIC_PriorityGroupConfig  misc.o
    0x08000a98   0x08000a98   0x00000068   Code   RO          112    i.PWM_Cali          pwm.o
    0x08000b00   0x08000b00   0x000000a4   Code   RO          113    i.PWM_Init          pwm.o
    0x08000ba4   0x08000ba4   0x00000174   Code   RO          114    i.PWM_dircrtl       pwm.o
    0x08000d18   0x08000d18   0x00000080   Code   RO          115    i.PWM_pwrcrtl       pwm.o
    0x08000d98   0x08000d98   0x000000cc   Code   RO          116    i.PWM_update        pwm.o
    0x08000e64   0x08000e64   0x00000020   Code   RO          843    i.RCC_APB1PeriphClockCmd  stm32f10x_rcc.o
    0x08000e84   0x08000e84   0x00000020   Code   RO          844    i.RCC_APB1PeriphResetCmd  stm32f10x_rcc.o
    0x08000ea4   0x08000ea4   0x00000020   Code   RO          845    i.RCC_APB2PeriphClockCmd  stm32f10x_rcc.o
    0x08000ec4   0x08000ec4   0x000000d4   Code   RO          853    i.RCC_GetClocksFreq  stm32f10x_rcc.o
    0x08000f98   0x08000f98   0x0000004c   Code   RO          858    i.RCC_HSEConfig     stm32f10x_rcc.o
    0x08000fe4   0x08000fe4   0x00000018   Code   RO          864    i.RCC_PCLK1Config   stm32f10x_rcc.o
    0x08000ffc   0x08000ffc   0x0000001c   Code   RO          867    i.RCC_PLLConfig     stm32f10x_rcc.o
    0x08001018   0x08001018   0x00000018   Code   RO          870    i.RCC_SYSCLKConfig  stm32f10x_rcc.o
    0x08001030   0x08001030   0x00000008   Code   RO         1812    i.SetSysClock       system_stm32f10x.o
    0x08001038   0x08001038   0x000000e0   Code   RO         1813    i.SetSysClockTo72   system_stm32f10x.o
    0x08001118   0x08001118   0x00000010   Code   RO          174    i.SysTick_Handler   delay.o
    0x08001128   0x08001128   0x000000a4   Code   RO         1814    i.SystemCoreClockUpdate  system_stm32f10x.o
    0x080011cc   0x080011cc   0x00000060   Code   RO         1815    i.SystemInit        system_stm32f10x.o
    0x0800122c   0x0800122c   0x00000018   Code   RO         1069    i.TIM_Cmd           stm32f10x_tim.o
    0x08001244   0x08001244   0x00000098   Code   RO         1098    i.TIM_OC1Init       stm32f10x_tim.o
    0x080012dc   0x080012dc   0x00000012   Code   RO         1101    i.TIM_OC1PreloadConfig  stm32f10x_tim.o
    0x080012ee   0x080012ee   0x00000002   PAD
    0x080012f0   0x080012f0   0x000000a4   Code   RO         1103    i.TIM_OC2Init       stm32f10x_tim.o
    0x08001394   0x08001394   0x000000a0   Code   RO         1108    i.TIM_OC3Init       stm32f10x_tim.o
    0x08001434   0x08001434   0x0000007c   Code   RO         1113    i.TIM_OC4Init       stm32f10x_tim.o
    0x080014b0   0x080014b0   0x00000004   Code   RO         1130    i.TIM_SetCompare1   stm32f10x_tim.o
    0x080014b4   0x080014b4   0x00000004   Code   RO         1131    i.TIM_SetCompare2   stm32f10x_tim.o
    0x080014b8   0x080014b8   0x00000004   Code   RO         1132    i.TIM_SetCompare3   stm32f10x_tim.o
    0x080014bc   0x080014bc   0x00000006   Code   RO         1133    i.TIM_SetCompare4   stm32f10x_tim.o
    0x080014c2   0x080014c2   0x00000002   PAD
    0x080014c4   0x080014c4   0x000000a4   Code   RO         1140    i.TIM_TimeBaseInit  stm32f10x_tim.o
    0x08001568   0x08001568   0x00000048   Code   RO            5    i.USART2_IRQHandler  main.o
    0x080015b0   0x080015b0   0x000000dc   Code   RO          229    i.USART2_Init       usart2.o
    0x0800168c   0x0800168c   0x00000018   Code   RO         1617    i.USART_Cmd         stm32f10x_usart.o
    0x080016a4   0x080016a4   0x00000054   Code   RO         1621    i.USART_GetITStatus  stm32f10x_usart.o
    0x080016f8   0x080016f8   0x0000004a   Code   RO         1623    i.USART_ITConfig    stm32f10x_usart.o
    0x08001742   0x08001742   0x00000002   PAD
    0x08001744   0x08001744   0x000000d8   Code   RO         1624    i.USART_Init        stm32f10x_usart.o
    0x0800181c   0x0800181c   0x0000000a   Code   RO         1631    i.USART_ReceiveData  stm32f10x_usart.o
    0x08001826   0x08001826   0x00000028   Code   RO         1987    i.__ARM_fpclassify  m_ws.l(fpclassify.o)
    0x0800184e   0x0800184e   0x000000aa   Code   RO         1989    i.__kernel_poly     m_ws.l(poly.o)
    0x080018f8   0x080018f8   0x00000006   Code   RO         1974    i.__mathlib_dbl_infnan  m_ws.l(dunder.o)
    0x080018fe   0x080018fe   0x00000002   PAD
    0x08001900   0x08001900   0x00000010   Code   RO         1979    i.__mathlib_dbl_underflow  m_ws.l(dunder.o)
    0x08001910   0x08001910   0x00000220   Code   RO         1928    i.atan              m_ws.l(atan.o)
    0x08001b30   0x08001b30   0x00000024   Code   RO          175    i.delay_ms          delay.o
    0x08001b54   0x08001b54   0x00000040   Code   RO            6    i.main              main.o
    0x08001b94   0x08001b94   0x0000000c   Code   RO          176    i.millis            delay.o
    0x08001ba0   0x08001ba0   0x0000004c   Code   RO         1946    i.sqrt              m_ws.l(sqrt.o)
    0x08001bec   0x08001bec   0x00000062   Code   RO         1861    x$fpl$d2f           fz_ws.l(d2f.o)
    0x08001c4e   0x08001c4e   0x00000002   PAD
    0x08001c50   0x08001c50   0x00000150   Code   RO         1863    x$fpl$dadd          fz_ws.l(daddsub_clz.o)
    0x08001da0   0x08001da0   0x00000010   Code   RO         2012    x$fpl$dcheck1       fz_ws.l(dcheck1.o)
    0x08001db0   0x08001db0   0x000002b0   Code   RO         1870    x$fpl$ddiv          fz_ws.l(ddiv.o)
    0x08002060   0x08002060   0x00000154   Code   RO         1885    x$fpl$dmul          fz_ws.l(dmul.o)
    0x080021b4   0x080021b4   0x0000009c   Code   RO         1958    x$fpl$dnaninf       fz_ws.l(dnaninf.o)
    0x08002250   0x08002250   0x0000000c   Code   RO         1960    x$fpl$dretinf       fz_ws.l(dretinf.o)
    0x0800225c   0x0800225c   0x00000016   Code   RO         1864    x$fpl$drsb          fz_ws.l(daddsub_clz.o)
    0x08002272   0x08002272   0x00000002   PAD
    0x08002274   0x08002274   0x000001cc   Code   RO         1962    x$fpl$dsqrt         fz_ws.l(dsqrt_noumaal.o)
    0x08002440   0x08002440   0x000001d4   Code   RO         1865    x$fpl$dsub          fz_ws.l(daddsub_clz.o)
    0x08002614   0x08002614   0x00000056   Code   RO         1887    x$fpl$f2d           fz_ws.l(f2d.o)
    0x0800266a   0x0800266a   0x00000002   PAD
    0x0800266c   0x0800266c   0x000000c4   Code   RO         1889    x$fpl$fadd          fz_ws.l(faddsub_clz.o)
    0x08002730   0x08002730   0x00000018   Code   RO         1964    x$fpl$fcmpinf       fz_ws.l(fcmpi.o)
    0x08002748   0x08002748   0x0000003e   Code   RO         1901    x$fpl$ffixu         fz_ws.l(ffixu.o)
    0x08002786   0x08002786   0x00000002   PAD
    0x08002788   0x08002788   0x00000030   Code   RO         1906    x$fpl$fflt          fz_ws.l(fflt_clz.o)
    0x080027b8   0x080027b8   0x00000026   Code   RO         1905    x$fpl$ffltu         fz_ws.l(fflt_clz.o)
    0x080027de   0x080027de   0x00000002   PAD
    0x080027e0   0x080027e0   0x00000068   Code   RO         1911    x$fpl$fleqf         fz_ws.l(fleqf.o)
    0x08002848   0x08002848   0x0000008c   Code   RO         1966    x$fpl$fnaninf       fz_ws.l(fnaninf.o)
    0x080028d4   0x080028d4   0x0000000a   Code   RO         1968    x$fpl$fretinf       fz_ws.l(fretinf.o)
    0x080028de   0x080028de   0x00000062   Code   RO         1915    x$fpl$frleqf        fz_ws.l(frleqf.o)
    0x08002940   0x08002940   0x000000ea   Code   RO         1891    x$fpl$fsub          fz_ws.l(faddsub_clz.o)
    0x08002a2a   0x08002a2a   0x00000064   Code   RO         2027    x$fpl$retnan        fz_ws.l(retnan.o)
    0x08002a8e   0x08002a8e   0x0000005c   Code   RO         1970    x$fpl$scalbn        fz_ws.l(scalbn.o)
    0x08002aea   0x08002aea   0x00000030   Code   RO         2076    x$fpl$trapveneer    fz_ws.l(trapv.o)
    0x08002b1a   0x08002b1a   0x00000000   Code   RO         1972    x$fpl$usenofp       fz_ws.l(usenofp.o)
    0x08002b1a   0x08002b1a   0x00000006   PAD
    0x08002b20   0x08002b20   0x00000098   Data   RO         1929    .constdata          m_ws.l(atan.o)
    0x08002bb8   0x08002bb8   0x00000020   Data   RO         2155    Region$$Table       anon$$obj.o


    Execution Region ER_RW (Exec base: 0x20000000, Load base: 0x08002bd8, Size: 0x000000d0, Max: 0xffffffff, ABSOLUTE)

    Exec Addr    Load Addr    Size         Type   Attr      Idx    E Section Name        Object

    0x20000000   0x08002bd8   0x00000024   Data   RW            8    .data               main.o
    0x20000024   0x08002bfc   0x0000002a   Data   RW          118    .data               pwm.o
    0x2000004e   0x08002c26   0x00000002   PAD
    0x20000050   0x08002c28   0x00000008   Data   RW          178    .data               delay.o
    0x20000058   0x08002c30   0x0000004d   Data   RW          303    .data               mpu6050.o
    0x200000a5   0x08002c7d   0x00000014   Data   RW          873    .data               stm32f10x_rcc.o
    0x200000b9   0x08002c91   0x00000003   PAD
    0x200000bc   0x08002c94   0x00000014   Data   RW         1816    .data               system_stm32f10x.o


    Execution Region ER_ZI (Exec base: 0x200000d0, Load base: 0x08002ca8, Size: 0x00000688, Max: 0xffffffff, ABSOLUTE)

    Exec Addr    Load Addr    Size         Type   Attr      Idx    E Section Name        Object

    0x200000d0        -       0x00000028   Zero   RW            7    .bss                main.o
    0x200000f8        -       0x00000060   Zero   RW         2015    .bss                c_w.l(libspace.o)
    0x20000158        -       0x00000200   Zero   RW         1803    HEAP                startup_stm32f10x_md.o
    0x20000358        -       0x00000400   Zero   RW         1802    STACK               startup_stm32f10x_md.o


==============================================================================

Image component sizes


      Code (inc. data)   RO Data    RW Data    ZI Data      Debug   Object Name

       164         34          0          8          0      27355   delay.o
       174         18          0         36         40     262544   main.o
       132         22          0          0          0       1691   misc.o
      1048         78          0         77          0       4717   mpu6050.o
       972        100          0         42          0       3701   pwm.o
        64         26        236          0       1536        824   startup_stm32f10x_md.o
       278          0          0          0          0       2080   stm32f10x_gpio.o
       506         20          0          0          0       7580   stm32f10x_i2c.o
       460         60          0         20          0       7568   stm32f10x_rcc.o
       824         92          0          0          0       7780   stm32f10x_tim.o
       408          6          0          0          0       5250   stm32f10x_usart.o
       492         50          0         20          0       2941   system_stm32f10x.o
       220         18          0          0          0      25749   usart2.o

    ----------------------------------------------------------------------
      5752        524        268        208       1576     359780   Object Totals
         0          0         32          0          0          0   (incl. Generated)
        10          0          0          5          0          0   (incl. Padding)

    ----------------------------------------------------------------------

      Code (inc. data)   RO Data    RW Data    ZI Data      Debug   Library Member Name

         8          0          0          0          0         68   __main.o
         0          0          0          0          0          0   __rtentry.o
        12          0          0          0          0          0   __rtentry2.o
         6          0          0          0          0          0   __rtentry4.o
        52          8          0          0          0          0   __scatter.o
        26          0          0          0          0          0   __scatter_copy.o
        28          0          0          0          0          0   __scatter_zi.o
        22          0          0          0          0        100   _rserrno.o
        18          0          0          0          0         80   exit.o
         6          0          0          0          0        152   heapauxi.o
         0          0          0          0          0          0   indicate_semi.o
         2          0          0          0          0          0   libinit.o
         2          0          0          0          0          0   libinit2.o
         2          0          0          0          0          0   libshutdown.o
         2          0          0          0          0          0   libshutdown2.o
         8          4          0          0         96         68   libspace.o
         8          4          0          0          0         68   rt_errno_addr_intlibspace.o
         2          0          0          0          0          0   rtexit.o
        10          0          0          0          0          0   rtexit2.o
        12          4          0          0          0         68   sys_exit.o
        74          0          0          0          0         80   sys_stackheap_outer.o
         2          0          0          0          0         68   use_no_semi.o
        98          4          0          0          0         92   d2f.o
       826         16          0          0          0        348   daddsub_clz.o
        16          4          0          0          0         68   dcheck1.o
       688        140          0          0          0        208   ddiv.o
       340         12          0          0          0        104   dmul.o
       156          4          0          0          0         92   dnaninf.o
        12          0          0          0          0         68   dretinf.o
       460         56          0          0          0        120   dsqrt_noumaal.o
        86          4          0          0          0         84   f2d.o
       430          8          0          0          0        168   faddsub_clz.o
        24          0          0          0          0         68   fcmpi.o
        62          4          0          0          0         84   ffixu.o
        86          0          0          0          0        136   fflt_clz.o
       104          4          0          0          0         84   fleqf.o
       140          4          0          0          0         84   fnaninf.o
        10          0          0          0          0         68   fretinf.o
        98          0          0          0          0         68   frleqf.o
       100          0          0          0          0         68   retnan.o
        92          0          0          0          0         68   scalbn.o
        48          0          0          0          0         68   trapv.o
         0          0          0          0          0          0   usenofp.o
       544         70        152          0          0        124   atan.o
        22          6          0          0          0        136   dunder.o
        40          0          0          0          0         68   fpclassify.o
       170          0          0          0          0         96   poly.o
        76          0          0          0          0         84   sqrt.o

    ----------------------------------------------------------------------
      5052        356        152          0         96       3408   Library Totals
        22          0          0          0          0          0   (incl. Padding)

    ----------------------------------------------------------------------

      Code (inc. data)   RO Data    RW Data    ZI Data      Debug   Library Name

       302         20          0          0         96        752   c_w.l
      3876        260          0          0          0       2148   fz_ws.l
       852         76        152          0          0        508   m_ws.l

    ----------------------------------------------------------------------
      5052        356        152          0         96       3408   Library Totals

    ----------------------------------------------------------------------

==============================================================================


      Code (inc. data)   RO Data    RW Data    ZI Data      Debug   

     10804        880        420        208       1672     358504   Grand Totals
     10804        880        420        208       1672     358504   ELF Image Totals
     10804        880        420        208          0          0   ROM Totals

==============================================================================

    Total RO  Size (Code + RO Data)                11224 (  10.96kB)
    Total RW  Size (RW Data + ZI Data)              1880 (   1.84kB)
    Total ROM Size (Code + RO Data + RW Data)      11432 (  11.16kB)

==============================================================================

